{"timestamp":"2026-08-19T06:20:09.550Z","level":"info","message":"Device check started","meta":{"userId":"6a6e8fd602c96e40fc310937","device":"PostmanRuntime/7.56.1","ip":"::1","correlationId":"2aaf55de-f897-47cf-8a75-13dad335a46e"}}
{"timestamp":"2026-08-19T06:20:10.296Z","level":"info","message":"Device recognized (no alert needed)","meta":{"userId":"6a6e8fd602c96e40fc310937","device":"PostmanRuntime/7.56.1","ip":"::1","correlationId":"2aaf55de-f897-47cf-8a75-13dad335a46e"}}
{"timestamp":"2026-08-19T06:20:10.299Z","level":"info","message":"HTTP Request","meta":{"method":"POST","url":"/api/v1/auth/adminLogin","status":200,"duration":"6687ms","ip":"::1","device":"PostmanRuntime/7.56.1","correlationId":"2aaf55de-f897-47cf-8a75-13dad335a46e"}}
{"timestamp":"2026-08-19T06:24:03.482Z","level":"info","message":"Protect: access attempt","meta":{"hasToken":true,"ip":"::1","device":"PostmanRuntime/7.56.1","correlationId":"935edcc5-c2b0-4fec-8d77-92ea92d3a442"}}
{"timestamp":"2026-08-19T06:24:03.486Z","level":"info","message":"Protect: token verified","meta":{"userId":"6a6e8fd602c96e40fc310937","correlationId":"935edcc5-c2b0-4fec-8d77-92ea92d3a442"}}
{"timestamp":"2026-08-19T06:24:04.466Z","level":"info","message":"Protect: access granted","meta":{"userId":"6a6e8fd602c96e40fc310937","role":"admin","correlationId":"935edcc5-c2b0-4fec-8d77-92ea92d3a442"}}
{"timestamp":"2026-08-19T06:24:04.467Z","level":"info","message":"Authorization check","meta":{"userId":"6a6e8fd602c96e40fc310937","userRole":"admin","allowedRoles":["admin"],"correlationId":"935edcc5-c2b0-4fec-8d77-92ea92d3a442"}}
{"timestamp":"2026-08-19T06:24:04.469Z","level":"info","message":"Authorization success","meta":{"userId":"6a6e8fd602c96e40fc310937","role":"admin","correlationId":"935edcc5-c2b0-4fec-8d77-92ea92d3a442"}}
{"timestamp":"2026-08-19T06:24:08.071Z","level":"info","message":"HTTP Request","meta":{"method":"GET","url":"/api/v1/users/","status":200,"duration":"4598ms","userId":"6a6e8fd602c96e40fc310937","ip":"::1","device":"PostmanRuntime/7.56.1","correlationId":"935edcc5-c2b0-4fec-8d77-92ea92d3a442"}}
{"timestamp":"2026-08-19T06:24:34.334Z","level":"info","message":"Protect: access attempt","meta":{"hasToken":true,"ip":"::1","device":"PostmanRuntime/7.56.1","correlationId":"1208bff1-faa2-4bf5-b01b-01f94ed3214e"}}
{"timestamp":"2026-08-19T06:24:34.335Z","level":"info","message":"Protect: token verified","meta":{"userId":"6a6e8fd602c96e40fc310937","correlationId":"1208bff1-faa2-4bf5-b01b-01f94ed3214e"}}
{"timestamp":"2026-08-19T06:24:35.638Z","level":"info","message":"Protect: access granted","meta":{"userId":"6a6e8fd602c96e40fc310937","role":"admin","correlationId":"1208bff1-faa2-4bf5-b01b-01f94ed3214e"}}
{"timestamp":"2026-08-19T06:24:35.640Z","level":"info","message":"Authorization check","meta":{"userId":"6a6e8fd602c96e40fc310937","userRole":"admin","allowedRoles":["admin"],"correlationId":"1208bff1-faa2-4bf5-b01b-01f94ed3214e"}}
{"timestamp":"2026-08-19T06:24:35.641Z","level":"info","message":"Authorization success","meta":{"userId":"6a6e8fd602c96e40fc310937","role":"admin","correlationId":"1208bff1-faa2-4bf5-b01b-01f94ed3214e"}}
{"timestamp":"2026-08-19T06:24:36.540Z","level":"info","message":"HTTP Request","meta":{"method":"DELETE","url":"/api/v1/users/6a80220fad4de7ea9e9c965a","status":200,"duration":"2206ms","userId":"6a6e8fd602c96e40fc310937","ip":"::1","device":"PostmanRuntime/7.56.1","correlationId":"1208bff1-faa2-4bf5-b01b-01f94ed3214e"}}
{"timestamp":"2026-08-19T06:25:10.724Z","level":"error","message":"Unhandled Error","meta":{"message":"Email already in use","stack":"Error: Email already in use\n    at C:\\Users\\Bashar\\Desktop\\TIC_Educational_Website\\backend\\services\\authService.js:368:17\n    at process.processTicksAndRejections (node:internal/process/task_queues:104:5)","route":"/api/v1/auth/signup","body":{"name":"bashar Ballan,","email":"ballbasa603@gmail.com","password":"Pass123@456","confirmPassword":"Pass123@456","slug":"bashar-Ballan"},"params":{},"correlationId":"396fb029-1090-44e0-bf54-b7cfb034bc94"}}
{"timestamp":"2026-08-19T06:25:11.322Z","level":"info","message":"HTTP Request","meta":{"method":"POST","url":"/api/v1/auth/signup","status":400,"duration":"1621ms","ip":"::1","device":"PostmanRuntime/7.56.1","correlationId":"396fb029-1090-44e0-bf54-b7cfb034bc94"}}
{"timestamp":"2026-08-19T06:25:23.972Z","level":"info","message":"Device check started","meta":{"userId":"6a6e8fd602c96e40fc310937","device":"PostmanRuntime/7.56.1","ip":"::1","correlationId":"d74cd75d-c52f-453e-96b2-cfb36d0ea830"}}
{"timestamp":"2026-08-19T06:25:24.642Z","level":"info","message":"Device recognized (no alert needed)","meta":{"userId":"6a6e8fd602c96e40fc310937","device":"PostmanRuntime/7.56.1","ip":"::1","correlationId":"d74cd75d-c52f-453e-96b2-cfb36d0ea830"}}
{"timestamp":"2026-08-19T06:25:24.644Z","level":"info","message":"HTTP Request","meta":{"method":"POST","url":"/api/v1/auth/adminLogin","status":200,"duration":"4053ms","ip":"::1","device":"PostmanRuntime/7.56.1","correlationId":"d74cd75d-c52f-453e-96b2-cfb36d0ea830"}}
{"timestamp":"2026-08-19T06:25:36.328Z","level":"info","message":"Protect: access attempt","meta":{"hasToken":true,"ip":"::1","device":"PostmanRuntime/7.56.1","correlationId":"ac0edd8c-df47-4814-a99c-dc22afd0a971"}}
{"timestamp":"2026-08-19T06:25:36.335Z","level":"info","message":"Protect: token verified","meta":{"userId":"6a6e8fd602c96e40fc310937","correlationId":"ac0edd8c-df47-4814-a99c-dc22afd0a971"}}
{"timestamp":"2026-08-19T06:25:37.391Z","level":"info","message":"Protect: access granted","meta":{"userId":"6a6e8fd602c96e40fc310937","role":"admin","correlationId":"ac0edd8c-df47-4814-a99c-dc22afd0a971"}}
{"timestamp":"2026-08-19T06:25:37.392Z","level":"info","message":"Authorization check","meta":{"userId":"6a6e8fd602c96e40fc310937","userRole":"admin","allowedRoles":["admin"],"correlationId":"ac0edd8c-df47-4814-a99c-dc22afd0a971"}}
{"timestamp":"2026-08-19T06:25:37.393Z","level":"info","message":"Authorization success","meta":{"userId":"6a6e8fd602c96e40fc310937","role":"admin","correlationId":"ac0edd8c-df47-4814-a99c-dc22afd0a971"}}
{"timestamp":"2026-08-19T06:25:40.905Z","level":"info","message":"HTTP Request","meta":{"method":"GET","url":"/api/v1/users/","status":200,"duration":"4566ms","userId":"6a6e8fd602c96e40fc310937","ip":"::1","device":"PostmanRuntime/7.56.1","correlationId":"ac0edd8c-df47-4814-a99c-dc22afd0a971"}}
{"timestamp":"2026-08-19T06:26:27.599Z","level":"info","message":"Protect: access attempt","meta":{"hasToken":true,"ip":"::1","device":"PostmanRuntime/7.56.1","correlationId":"786f4d2f-a045-4f06-b343-2564a904b1b9"}}
{"timestamp":"2026-08-19T06:26:27.604Z","level":"info","message":"Protect: token verified","meta":{"userId":"6a6e8fd602c96e40fc310937","correlationId":"786f4d2f-a045-4f06-b343-2564a904b1b9"}}
{"timestamp":"2026-08-19T06:26:29.004Z","level":"info","message":"Protect: access granted","meta":{"userId":"6a6e8fd602c96e40fc310937","role":"admin","correlationId":"786f4d2f-a045-4f06-b343-2564a904b1b9"}}
{"timestamp":"2026-08-19T06:26:29.004Z","level":"info","message":"Authorization check","meta":{"userId":"6a6e8fd602c96e40fc310937","userRole":"admin","allowedRoles":["admin"],"correlationId":"786f4d2f-a045-4f06-b343-2564a904b1b9"}}
{"timestamp":"2026-08-19T06:26:29.005Z","level":"info","message":"Authorization success","meta":{"userId":"6a6e8fd602c96e40fc310937","role":"admin","correlationId":"786f4d2f-a045-4f06-b343-2564a904b1b9"}}
{"timestamp":"2026-08-19T06:26:30.373Z","level":"info","message":"HTTP Request","meta":{"method":"DELETE","url":"/api/v1/users/6a83d05d1009c85eb1e45835","status":200,"duration":"2770ms","userId":"6a6e8fd602c96e40fc310937","ip":"::1","device":"PostmanRuntime/7.56.1","correlationId":"786f4d2f-a045-4f06-b343-2564a904b1b9"}}
{"timestamp":"2026-08-19T06:26:52.578Z","level":"info","message":"HTTP Request","meta":{"method":"POST","url":"/api/v1/auth/signup","status":201,"duration":"14960ms","ip":"::1","device":"PostmanRuntime/7.56.1","correlationId":"67de7f45-ee1e-4301-9d25-d42692e0df65"}}
{"timestamp":"2026-08-19T06:28:41.459Z","level":"info","message":"HTTP Request","meta":{"method":"POST","url":"/api/v1/auth/signup","status":201,"duration":"4696ms","ip":"::1","device":"PostmanRuntime/7.56.1","correlationId":"10215db1-e32c-4cc0-9a37-f7e70c2fcffc"}}
{"timestamp":"2026-08-19T06:33:15.512Z","level":"info","message":"Device check started","meta":{"userId":"6a6e8fd602c96e40fc310937","device":"PostmanRuntime/7.56.1","ip":"::1","correlationId":"0290a8de-e399-49e4-8cbe-a1696219eb19"}}
{"timestamp":"2026-08-19T06:33:15.800Z","level":"info","message":"Device recognized (no alert needed)","meta":{"userId":"6a6e8fd602c96e40fc310937","device":"PostmanRuntime/7.56.1","ip":"::1","correlationId":"0290a8de-e399-49e4-8cbe-a1696219eb19"}}
{"timestamp":"2026-08-19T06:33:15.803Z","level":"info","message":"HTTP Request","meta":{"method":"POST","url":"/api/v1/auth/adminLogin","status":200,"duration":"1791ms","ip":"::1","device":"PostmanRuntime/7.56.1","correlationId":"0290a8de-e399-49e4-8cbe-a1696219eb19"}}
{"timestamp":"2026-08-19T06:33:21.851Z","level":"info","message":"Protect: access attempt","meta":{"hasToken":true,"ip":"::1","device":"PostmanRuntime/7.56.1","correlationId":"398f63ca-955d-4ac4-bcaa-dd87c5e40369"}}
{"timestamp":"2026-08-19T06:33:21.853Z","level":"info","message":"Protect: token verified","meta":{"userId":"6a6e8fd602c96e40fc310937","correlationId":"398f63ca-955d-4ac4-bcaa-dd87c5e40369"}}
{"timestamp":"2026-08-19T06:33:22.125Z","level":"info","message":"Protect: access granted","meta":{"userId":"6a6e8fd602c96e40fc310937","role":"admin","correlationId":"398f63ca-955d-4ac4-bcaa-dd87c5e40369"}}
{"timestamp":"2026-08-19T06:33:22.125Z","level":"info","message":"Authorization check","meta":{"userId":"6a6e8fd602c96e40fc310937","userRole":"admin","allowedRoles":["admin"],"correlationId":"398f63ca-955d-4ac4-bcaa-dd87c5e40369"}}
{"timestamp":"2026-08-19T06:33:22.126Z","level":"info","message":"Authorization success","meta":{"userId":"6a6e8fd602c96e40fc310937","role":"admin","correlationId":"398f63ca-955d-4ac4-bcaa-dd87c5e40369"}}
{"timestamp":"2026-08-19T06:33:23.022Z","level":"info","message":"HTTP Request","meta":{"method":"GET","url":"/api/v1/users/","status":200,"duration":"1170ms","userId":"6a6e8fd602c96e40fc310937","ip":"::1","device":"PostmanRuntime/7.56.1","correlationId":"398f63ca-955d-4ac4-bcaa-dd87c5e40369"}}
{"timestamp":"2026-08-19T06:33:39.182Z","level":"info","message":"Protect: access attempt","meta":{"hasToken":true,"ip":"::1","device":"PostmanRuntime/7.56.1","correlationId":"65d84d4c-e459-462e-a1e5-25e84e83e5c8"}}
{"timestamp":"2026-08-19T06:33:39.184Z","level":"info","message":"Protect: token verified","meta":{"userId":"6a6e8fd602c96e40fc310937","correlationId":"65d84d4c-e459-462e-a1e5-25e84e83e5c8"}}
{"timestamp":"2026-08-19T06:33:39.478Z","level":"info","message":"Protect: access granted","meta":{"userId":"6a6e8fd602c96e40fc310937","role":"admin","correlationId":"65d84d4c-e459-462e-a1e5-25e84e83e5c8"}}
{"timestamp":"2026-08-19T06:33:39.479Z","level":"info","message":"Authorization check","meta":{"userId":"6a6e8fd602c96e40fc310937","userRole":"admin","allowedRoles":["admin"],"correlationId":"65d84d4c-e459-462e-a1e5-25e84e83e5c8"}}
{"timestamp":"2026-08-19T06:33:39.480Z","level":"info","message":"Authorization success","meta":{"userId":"6a6e8fd602c96e40fc310937","role":"admin","correlationId":"65d84d4c-e459-462e-a1e5-25e84e83e5c8"}}
{"timestamp":"2026-08-19T06:33:39.799Z","level":"info","message":"HTTP Request","meta":{"method":"DELETE","url":"/api/v1/users/6a854c9f1009c85eb1e4584b","status":200,"duration":"616ms","userId":"6a6e8fd602c96e40fc310937","ip":"::1","device":"PostmanRuntime/7.56.1","correlationId":"65d84d4c-e459-462e-a1e5-25e84e83e5c8"}}
{"timestamp":"2026-08-19T06:33:49.785Z","level":"error","message":"Unhandled Error","meta":{"message":"Email already in use","stack":"Error: Email already in use\n    at C:\\Users\\Bashar\\Desktop\\TIC_Educational_Website\\backend\\services\\authService.js:368:17\n    at process.processTicksAndRejections (node:internal/process/task_queues:104:5)","route":"/api/v1/auth/signup","body":{"name":"bashar Ballan,","email":"ballbassan7@gmail.com","password":"Pass123@456","confirmPassword":"Pass123@456","slug":"bashar-Ballan"},"params":{},"correlationId":"1ab9405d-0b6a-4da0-8000-3608e5b696d8"}}
{"timestamp":"2026-08-19T06:33:49.808Z","level":"info","message":"HTTP Request","meta":{"method":"POST","url":"/api/v1/auth/signup","status":400,"duration":"334ms","ip":"::1","device":"PostmanRuntime/7.56.1","correlationId":"1ab9405d-0b6a-4da0-8000-3608e5b696d8"}}
{"timestamp":"2026-08-19T06:34:06.402Z","level":"info","message":"HTTP Request","meta":{"method":"POST","url":"/api/v1/auth/signup","status":201,"duration":"3025ms","ip":"::1","device":"PostmanRuntime/7.56.1","correlationId":"d3c95545-951b-418c-8381-f9b2968d0466"}}
{"timestamp":"2026-08-19T06:35:29.171Z","level":"info","message":"HTTP Request","meta":{"method":"POST","url":"/api/v1/auth/signup","status":201,"duration":"53868ms","ip":"::1","device":"PostmanRuntime/7.56.1","correlationId":"239b25b3-9542-48e4-a154-d084d1965ae7"}}
{"timestamp":"2026-08-19T06:36:35.487Z","level":"info","message":"Protect: access attempt","meta":{"hasToken":true,"ip":"::1","device":"PostmanRuntime/7.56.1","correlationId":"27b07d10-c14d-49c8-b07c-4e8edd728789"}}
{"timestamp":"2026-08-19T06:36:35.487Z","level":"warn","message":"Protect failed: invalid token","meta":{"error":"jwt malformed","correlationId":"27b07d10-c14d-49c8-b07c-4e8edd728789"}}
{"timestamp":"2026-08-19T06:36:35.489Z","level":"error","message":"Unhandled Error","meta":{"message":"Incorrect email or password.","stack":"Error: Incorrect email or password.\n    at C:\\Users\\Bashar\\Desktop\\TIC_Educational_Website\\backend\\services\\authService.js:945:17\n    at asyncUtilWrap (C:\\Users\\Bashar\\Desktop\\TIC_Educational_Website\\backend\\node_modules\\express-async-handler\\index.js:3:20)\n    at Layer.handle [as handle_request] (C:\\Users\\Bashar\\Desktop\\TIC_Educational_Website\\backend\\node_modules\\express\\lib\\router\\layer.js:95:5)\n    at next (C:\\Users\\Bashar\\Desktop\\TIC_Educational_Website\\backend\\node_modules\\express\\lib\\router\\route.js:149:13)\n    at next (C:\\Users\\Bashar\\Desktop\\TIC_Educational_Website\\backend\\node_modules\\express\\lib\\router\\route.js:145:7)\n    at next (C:\\Users\\Bashar\\Desktop\\TIC_Educational_Website\\backend\\node_modules\\express\\lib\\router\\route.js:145:7)\n    at next (C:\\Users\\Bashar\\Desktop\\TIC_Educational_Website\\backend\\node_modules\\express\\lib\\router\\route.js:145:7)\n    at next (C:\\Users\\Bashar\\Desktop\\TIC_Educational_Website\\backend\\node_modules\\express\\lib\\router\\route.js:145:7)\n    at next (C:\\Users\\Bashar\\Desktop\\TIC_Educational_Website\\backend\\node_modules\\express\\lib\\router\\route.js:145:7)\n    at Route.dispatch (C:\\Users\\Bashar\\Desktop\\TIC_Educational_Website\\backend\\node_modules\\express\\lib\\router\\route.js:119:3)","route":"/api/v1/users/6a854ead1009c85eb1e4585e","body":{},"params":{},"correlationId":"27b07d10-c14d-49c8-b07c-4e8edd728789"}}
{"timestamp":"2026-08-19T06:36:35.493Z","level":"info","message":"HTTP Request","meta":{"method":"DELETE","url":"/api/v1/users/6a854ead1009c85eb1e4585e","status":401,"duration":"6ms","ip":"::1","device":"PostmanRuntime/7.56.1","correlationId":"27b07d10-c14d-49c8-b07c-4e8edd728789"}}
{"timestamp":"2026-08-19T06:36:46.022Z","level":"info","message":"Device check started","meta":{"userId":"6a6e8fd602c96e40fc310937","device":"PostmanRuntime/7.56.1","ip":"::1","correlationId":"cf2a4198-b89d-48cd-a31b-a679204ad1c5"}}
{"timestamp":"2026-08-19T06:36:46.243Z","level":"info","message":"Device recognized (no alert needed)","meta":{"userId":"6a6e8fd602c96e40fc310937","device":"PostmanRuntime/7.56.1","ip":"::1","correlationId":"cf2a4198-b89d-48cd-a31b-a679204ad1c5"}}
{"timestamp":"2026-08-19T06:36:46.252Z","level":"info","message":"HTTP Request","meta":{"method":"POST","url":"/api/v1/auth/adminLogin","status":200,"duration":"3074ms","ip":"::1","device":"PostmanRuntime/7.56.1","correlationId":"cf2a4198-b89d-48cd-a31b-a679204ad1c5"}}
{"timestamp":"2026-08-19T06:36:50.433Z","level":"info","message":"Protect: access attempt","meta":{"hasToken":true,"ip":"::1","device":"PostmanRuntime/7.56.1","correlationId":"dad18d21-bd38-4ba9-98a3-167a78a41942"}}
{"timestamp":"2026-08-19T06:36:50.454Z","level":"info","message":"Protect: token verified","meta":{"userId":"6a6e8fd602c96e40fc310937","correlationId":"dad18d21-bd38-4ba9-98a3-167a78a41942"}}
{"timestamp":"2026-08-19T06:36:50.682Z","level":"info","message":"Protect: access granted","meta":{"userId":"6a6e8fd602c96e40fc310937","role":"admin","correlationId":"dad18d21-bd38-4ba9-98a3-167a78a41942"}}
{"timestamp":"2026-08-19T06:36:50.683Z","level":"info","message":"Authorization check","meta":{"userId":"6a6e8fd602c96e40fc310937","userRole":"admin","allowedRoles":["admin"],"correlationId":"dad18d21-bd38-4ba9-98a3-167a78a41942"}}
{"timestamp":"2026-08-19T06:36:50.683Z","level":"info","message":"Authorization success","meta":{"userId":"6a6e8fd602c96e40fc310937","role":"admin","correlationId":"dad18d21-bd38-4ba9-98a3-167a78a41942"}}
{"timestamp":"2026-08-19T06:36:50.933Z","level":"info","message":"HTTP Request","meta":{"method":"DELETE","url":"/api/v1/users/6a854ead1009c85eb1e4585e","status":200,"duration":"489ms","userId":"6a6e8fd602c96e40fc310937","ip":"::1","device":"PostmanRuntime/7.56.1","correlationId":"dad18d21-bd38-4ba9-98a3-167a78a41942"}}
{"timestamp":"2026-08-19T06:37:02.548Z","level":"info","message":"HTTP Request","meta":{"method":"POST","url":"/api/v1/auth/signup","status":201,"duration":"2483ms","ip":"::1","device":"PostmanRuntime/7.56.1","correlationId":"7896f708-e1de-417e-bb65-841e36787abd"}}
{"timestamp":"2026-08-19T06:38:15.638Z","level":"info","message":"Device check started","meta":{"userId":"6a6e8fd602c96e40fc310937","device":"PostmanRuntime/7.56.1","ip":"::1","correlationId":"b7f45ebe-4958-4f08-a6cd-256c7e8e5225"}}
{"timestamp":"2026-08-19T06:38:15.859Z","level":"info","message":"Device recognized (no alert needed)","meta":{"userId":"6a6e8fd602c96e40fc310937","device":"PostmanRuntime/7.56.1","ip":"::1","correlationId":"b7f45ebe-4958-4f08-a6cd-256c7e8e5225"}}
{"timestamp":"2026-08-19T06:38:15.861Z","level":"info","message":"HTTP Request","meta":{"method":"POST","url":"/api/v1/auth/adminLogin","status":200,"duration":"1696ms","ip":"::1","device":"PostmanRuntime/7.56.1","correlationId":"b7f45ebe-4958-4f08-a6cd-256c7e8e5225"}}
{"timestamp":"2026-08-19T06:38:26.387Z","level":"info","message":"Protect: access attempt","meta":{"hasToken":true,"ip":"::1","device":"PostmanRuntime/7.56.1","correlationId":"bb9a8575-2415-4e23-858b-66b7b64c8435"}}
{"timestamp":"2026-08-19T06:38:26.388Z","level":"info","message":"Protect: token verified","meta":{"userId":"6a6e8fd602c96e40fc310937","correlationId":"bb9a8575-2415-4e23-858b-66b7b64c8435"}}
{"timestamp":"2026-08-19T06:38:26.608Z","level":"info","message":"Protect: access granted","meta":{"userId":"6a6e8fd602c96e40fc310937","role":"admin","correlationId":"bb9a8575-2415-4e23-858b-66b7b64c8435"}}
{"timestamp":"2026-08-19T06:38:26.609Z","level":"info","message":"Authorization check","meta":{"userId":"6a6e8fd602c96e40fc310937","userRole":"admin","allowedRoles":["admin"],"correlationId":"bb9a8575-2415-4e23-858b-66b7b64c8435"}}
{"timestamp":"2026-08-19T06:38:26.610Z","level":"info","message":"Authorization success","meta":{"userId":"6a6e8fd602c96e40fc310937","role":"admin","correlationId":"bb9a8575-2415-4e23-858b-66b7b64c8435"}}
{"timestamp":"2026-08-19T06:38:26.836Z","level":"info","message":"HTTP Request","meta":{"method":"DELETE","url":"/api/v1/users/6a854f0c1009c85eb1e45867","status":200,"duration":"448ms","userId":"6a6e8fd602c96e40fc310937","ip":"::1","device":"PostmanRuntime/7.56.1","correlationId":"bb9a8575-2415-4e23-858b-66b7b64c8435"}}
{"timestamp":"2026-08-19T06:38:49.844Z","level":"info","message":"Protect: access attempt","meta":{"hasToken":true,"ip":"::1","device":"PostmanRuntime/7.56.1","correlationId":"f5363e95-6e5b-40f6-aa83-1cdbbe9e5d6b"}}
{"timestamp":"2026-08-19T06:38:49.851Z","level":"info","message":"Protect: token verified","meta":{"userId":"6a6e8fd602c96e40fc310937","correlationId":"f5363e95-6e5b-40f6-aa83-1cdbbe9e5d6b"}}
{"timestamp":"2026-08-19T06:38:50.070Z","level":"info","message":"Protect: access granted","meta":{"userId":"6a6e8fd602c96e40fc310937","role":"admin","correlationId":"f5363e95-6e5b-40f6-aa83-1cdbbe9e5d6b"}}
{"timestamp":"2026-08-19T06:38:50.072Z","level":"info","message":"Authorization check","meta":{"userId":"6a6e8fd602c96e40fc310937","userRole":"admin","allowedRoles":["admin"],"correlationId":"f5363e95-6e5b-40f6-aa83-1cdbbe9e5d6b"}}
{"timestamp":"2026-08-19T06:38:50.073Z","level":"info","message":"Authorization success","meta":{"userId":"6a6e8fd602c96e40fc310937","role":"admin","correlationId":"f5363e95-6e5b-40f6-aa83-1cdbbe9e5d6b"}}
{"timestamp":"2026-08-19T06:38:50.306Z","level":"info","message":"HTTP Request","meta":{"method":"DELETE","url":"/api/v1/users/6a8008171a58570fc5b31d60","status":200,"duration":"460ms","userId":"6a6e8fd602c96e40fc310937","ip":"::1","device":"PostmanRuntime/7.56.1","correlationId":"f5363e95-6e5b-40f6-aa83-1cdbbe9e5d6b"}}
{"timestamp":"2026-08-19T06:39:06.958Z","level":"info","message":"HTTP Request","meta":{"method":"POST","url":"/api/v1/auth/signup","status":201,"duration":"2555ms","ip":"::1","device":"PostmanRuntime/7.56.1","correlationId":"ae7b3c23-39db-4d15-bd12-2afe697bf6ad"}}
{"timestamp":"2026-08-19T06:39:52.132Z","level":"info","message":"Protect: access attempt","meta":{"hasToken":true,"ip":"::1","device":"PostmanRuntime/7.56.1","correlationId":"00e71f21-3697-42c5-b2af-a33022f9fd65"}}
{"timestamp":"2026-08-19T06:39:52.133Z","level":"warn","message":"Protect failed: invalid token","meta":{"error":"jwt malformed","correlationId":"00e71f21-3697-42c5-b2af-a33022f9fd65"}}
{"timestamp":"2026-08-19T06:39:52.134Z","level":"error","message":"Unhandled Error","meta":{"message":"Incorrect email or password.","stack":"Error: Incorrect email or password.\n    at C:\\Users\\Bashar\\Desktop\\TIC_Educational_Website\\backend\\services\\authService.js:945:17\n    at asyncUtilWrap (C:\\Users\\Bashar\\Desktop\\TIC_Educational_Website\\backend\\node_modules\\express-async-handler\\index.js:3:20)\n    at Layer.handle [as handle_request] (C:\\Users\\Bashar\\Desktop\\TIC_Educational_Website\\backend\\node_modules\\express\\lib\\router\\layer.js:95:5)\n    at next (C:\\Users\\Bashar\\Desktop\\TIC_Educational_Website\\backend\\node_modules\\express\\lib\\router\\route.js:149:13)\n    at next (C:\\Users\\Bashar\\Desktop\\TIC_Educational_Website\\backend\\node_modules\\express\\lib\\router\\route.js:145:7)\n    at next (C:\\Users\\Bashar\\Desktop\\TIC_Educational_Website\\backend\\node_modules\\express\\lib\\router\\route.js:145:7)\n    at next (C:\\Users\\Bashar\\Desktop\\TIC_Educational_Website\\backend\\node_modules\\express\\lib\\router\\route.js:145:7)\n    at next (C:\\Users\\Bashar\\Desktop\\TIC_Educational_Website\\backend\\node_modules\\express\\lib\\router\\route.js:145:7)\n    at next (C:\\Users\\Bashar\\Desktop\\TIC_Educational_Website\\backend\\node_modules\\express\\lib\\router\\route.js:145:7)\n    at Route.dispatch (C:\\Users\\Bashar\\Desktop\\TIC_Educational_Website\\backend\\node_modules\\express\\lib\\router\\route.js:119:3)","route":"/api/v1/users/6a854f881009c85eb1e45872","body":{},"params":{},"correlationId":"00e71f21-3697-42c5-b2af-a33022f9fd65"}}
{"timestamp":"2026-08-19T06:39:52.153Z","level":"info","message":"HTTP Request","meta":{"method":"DELETE","url":"/api/v1/users/6a854f881009c85eb1e45872","status":401,"duration":"14ms","ip":"::1","device":"PostmanRuntime/7.56.1","correlationId":"00e71f21-3697-42c5-b2af-a33022f9fd65"}}
{"timestamp":"2026-08-19T06:40:03.667Z","level":"info","message":"Device check started","meta":{"userId":"6a6e8fd602c96e40fc310937","device":"PostmanRuntime/7.56.1","ip":"::1","correlationId":"0089eb0b-8d08-48ee-9abb-4e21665148ba"}}
{"timestamp":"2026-08-19T06:40:03.889Z","level":"info","message":"Device recognized (no alert needed)","meta":{"userId":"6a6e8fd602c96e40fc310937","device":"PostmanRuntime/7.56.1","ip":"::1","correlationId":"0089eb0b-8d08-48ee-9abb-4e21665148ba"}}
{"timestamp":"2026-08-19T06:40:03.892Z","level":"info","message":"HTTP Request","meta":{"method":"POST","url":"/api/v1/auth/adminLogin","status":200,"duration":"1834ms","ip":"::1","device":"PostmanRuntime/7.56.1","correlationId":"0089eb0b-8d08-48ee-9abb-4e21665148ba"}}
{"timestamp":"2026-08-19T06:40:12.593Z","level":"info","message":"Protect: access attempt","meta":{"hasToken":true,"ip":"::1","device":"PostmanRuntime/7.56.1","correlationId":"b09ee093-be23-47fc-bb0e-583fd948c792"}}
{"timestamp":"2026-08-19T06:40:12.594Z","level":"info","message":"Protect: token verified","meta":{"userId":"6a6e8fd602c96e40fc310937","correlationId":"b09ee093-be23-47fc-bb0e-583fd948c792"}}
{"timestamp":"2026-08-19T06:40:12.814Z","level":"info","message":"Protect: access granted","meta":{"userId":"6a6e8fd602c96e40fc310937","role":"admin","correlationId":"b09ee093-be23-47fc-bb0e-583fd948c792"}}
{"timestamp":"2026-08-19T06:40:12.815Z","level":"info","message":"Authorization check","meta":{"userId":"6a6e8fd602c96e40fc310937","userRole":"admin","allowedRoles":["admin"],"correlationId":"b09ee093-be23-47fc-bb0e-583fd948c792"}}
{"timestamp":"2026-08-19T06:40:12.816Z","level":"info","message":"Authorization success","meta":{"userId":"6a6e8fd602c96e40fc310937","role":"admin","correlationId":"b09ee093-be23-47fc-bb0e-583fd948c792"}}
{"timestamp":"2026-08-19T06:40:13.042Z","level":"info","message":"HTTP Request","meta":{"method":"DELETE","url":"/api/v1/users/6a854f881009c85eb1e45872","status":200,"duration":"454ms","userId":"6a6e8fd602c96e40fc310937","ip":"::1","device":"PostmanRuntime/7.56.1","correlationId":"b09ee093-be23-47fc-bb0e-583fd948c792"}}
{"timestamp":"2026-08-19T06:40:23.994Z","level":"info","message":"HTTP Request","meta":{"method":"POST","url":"/api/v1/auth/signup","status":201,"duration":"2712ms","ip":"::1","device":"PostmanRuntime/7.56.1","correlationId":"c0d03276-f417-48e6-907a-de844e8a976b"}}
{"timestamp":"2026-08-19T06:41:21.151Z","level":"info","message":"Device check started","meta":{"userId":"6a6e8fd602c96e40fc310937","device":"PostmanRuntime/7.56.1","ip":"::1","correlationId":"6c5ae536-e507-4997-bdee-be4e4759d8f4"}}
{"timestamp":"2026-08-19T06:41:21.375Z","level":"info","message":"Device recognized (no alert needed)","meta":{"userId":"6a6e8fd602c96e40fc310937","device":"PostmanRuntime/7.56.1","ip":"::1","correlationId":"6c5ae536-e507-4997-bdee-be4e4759d8f4"}}
{"timestamp":"2026-08-19T06:41:21.387Z","level":"info","message":"HTTP Request","meta":{"method":"POST","url":"/api/v1/auth/adminLogin","status":200,"duration":"1842ms","ip":"::1","device":"PostmanRuntime/7.56.1","correlationId":"6c5ae536-e507-4997-bdee-be4e4759d8f4"}}
{"timestamp":"2026-08-19T06:41:27.443Z","level":"info","message":"Protect: access attempt","meta":{"hasToken":true,"ip":"::1","device":"PostmanRuntime/7.56.1","correlationId":"e094f939-203c-444d-837f-c6b1d208fff9"}}
{"timestamp":"2026-08-19T06:41:27.445Z","level":"info","message":"Protect: token verified","meta":{"userId":"6a6e8fd602c96e40fc310937","correlationId":"e094f939-203c-444d-837f-c6b1d208fff9"}}
{"timestamp":"2026-08-19T06:41:27.665Z","level":"info","message":"Protect: access granted","meta":{"userId":"6a6e8fd602c96e40fc310937","role":"admin","correlationId":"e094f939-203c-444d-837f-c6b1d208fff9"}}
{"timestamp":"2026-08-19T06:41:27.666Z","level":"info","message":"Authorization check","meta":{"userId":"6a6e8fd602c96e40fc310937","userRole":"admin","allowedRoles":["admin"],"correlationId":"e094f939-203c-444d-837f-c6b1d208fff9"}}
{"timestamp":"2026-08-19T06:41:27.667Z","level":"info","message":"Authorization success","meta":{"userId":"6a6e8fd602c96e40fc310937","role":"admin","correlationId":"e094f939-203c-444d-837f-c6b1d208fff9"}}
{"timestamp":"2026-08-19T06:41:27.897Z","level":"info","message":"HTTP Request","meta":{"method":"DELETE","url":"/api/v1/users/6a854fd51009c85eb1e4587b","status":200,"duration":"455ms","userId":"6a6e8fd602c96e40fc310937","ip":"::1","device":"PostmanRuntime/7.56.1","correlationId":"e094f939-203c-444d-837f-c6b1d208fff9"}}
{"timestamp":"2026-08-19T06:41:36.300Z","level":"info","message":"HTTP Request","meta":{"method":"POST","url":"/api/v1/auth/signup","status":201,"duration":"2451ms","ip":"::1","device":"PostmanRuntime/7.56.1","correlationId":"b7687799-9d72-4d26-a353-450fc9517c34"}}
{"timestamp":"2026-08-19T06:43:50.170Z","level":"info","message":"HTTP Request","meta":{"method":"POST","url":"/api/v1/auth/signup","status":201,"duration":"2542ms","ip":"::1","device":"PostmanRuntime/7.56.1","correlationId":"31a6cfeb-a5fc-4b32-b329-f9ce10e3edf1"}}
{"timestamp":"2026-08-19T06:51:23.946Z","level":"info","message":"⚡ Socket.IO initialized"}
{"timestamp":"2026-08-19T06:51:23.955Z","level":"info","message":"🚀 Server + Socket.IO running on port 8000"}
{"timestamp":"2026-08-19T06:51:27.504Z","level":"info","message":"⚡ Socket.IO initialized"}
{"timestamp":"2026-08-19T06:51:27.510Z","level":"info","message":"🚀 Server + Socket.IO running on port 8000"}
{"timestamp":"2026-08-19T06:51:29.559Z","level":"info","message":"📦 MongoDB connected successfully"}
{"timestamp":"2026-08-19T06:52:34.858Z","level":"info","message":"⚡ Socket.IO initialized"}
{"timestamp":"2026-08-19T06:52:34.867Z","level":"info","message":"🚀 Server + Socket.IO running on port 8000"}
{"timestamp":"2026-08-19T06:52:36.913Z","level":"info","message":"📦 MongoDB connected successfully"}
{"timestamp":"2026-08-19T06:53:02.671Z","level":"info","message":"⚡ Socket.IO initialized"}
{"timestamp":"2026-08-19T06:53:02.680Z","level":"info","message":"🚀 Server + Socket.IO running on port 8000"}
{"timestamp":"2026-08-19T06:53:04.557Z","level":"info","message":"📦 MongoDB connected successfully"}
{"timestamp":"2026-08-19T06:54:08.310Z","level":"info","message":"Protect: access attempt","meta":{"hasToken":true,"ip":"::1","device":"PostmanRuntime/7.56.1","correlationId":"97de1eb0-b879-4739-9606-8fe00947445c"}}
{"timestamp":"2026-08-19T06:54:08.312Z","level":"warn","message":"Protect failed: invalid token","meta":{"error":"jwt malformed","correlationId":"97de1eb0-b879-4739-9606-8fe00947445c"}}
{"timestamp":"2026-08-19T06:54:08.315Z","level":"error","message":"Unhandled Error","meta":{"message":"Incorrect email or password.","stack":"Error: Incorrect email or password.\n    at C:\\Users\\Bashar\\Desktop\\TIC_Educational_Website\\backend\\services\\authService.js:945:17\n    at asyncUtilWrap (C:\\Users\\Bashar\\Desktop\\TIC_Educational_Website\\backend\\node_modules\\express-async-handler\\index.js:3:20)\n    at Layer.handle [as handle_request] (C:\\Users\\Bashar\\Desktop\\TIC_Educational_Website\\backend\\node_modules\\express\\lib\\router\\layer.js:95:5)\n    at next (C:\\Users\\Bashar\\Desktop\\TIC_Educational_Website\\backend\\node_modules\\express\\lib\\router\\route.js:149:13)\n    at Route.dispatch (C:\\Users\\Bashar\\Desktop\\TIC_Educational_Website\\backend\\node_modules\\express\\lib\\router\\route.js:119:3)\n    at Layer.handle [as handle_request] (C:\\Users\\Bashar\\Desktop\\TIC_Educational_Website\\backend\\node_modules\\express\\lib\\router\\layer.js:95:5)\n    at C:\\Users\\Bashar\\Desktop\\TIC_Educational_Website\\backend\\node_modules\\express\\lib\\router\\index.js:284:15\n    at router.process_params (C:\\Users\\Bashar\\Desktop\\TIC_Educational_Website\\backend\\node_modules\\express\\lib\\router\\index.js:346:12)\n    at next (C:\\Users\\Bashar\\Desktop\\TIC_Educational_Website\\backend\\node_modules\\express\\lib\\router\\index.js:280:10)\n    at router.handle (C:\\Users\\Bashar\\Desktop\\TIC_Educational_Website\\backend\\node_modules\\express\\lib\\router\\index.js:175:3)","route":"/api/v1/users/","body":{},"params":{},"correlationId":"97de1eb0-b879-4739-9606-8fe00947445c"}}
{"timestamp":"2026-08-19T06:54:08.353Z","level":"info","message":"HTTP Request","meta":{"method":"GET","url":"/api/v1/users/","status":401,"duration":"46ms","ip":"::1","device":"PostmanRuntime/7.56.1","correlationId":"97de1eb0-b879-4739-9606-8fe00947445c"}}
{"timestamp":"2026-08-19T06:54:21.391Z","level":"info","message":"Device check started","meta":{"userId":"6a6e8fd602c96e40fc310937","device":"PostmanRuntime/7.56.1","ip":"::1","correlationId":"40503ce1-21c4-4c50-90c6-bfbd195309e2"}}
{"timestamp":"2026-08-19T06:54:21.613Z","level":"info","message":"Device recognized (no alert needed)","meta":{"userId":"6a6e8fd602c96e40fc310937","device":"PostmanRuntime/7.56.1","ip":"::1","correlationId":"40503ce1-21c4-4c50-90c6-bfbd195309e2"}}
{"timestamp":"2026-08-19T06:54:21.619Z","level":"info","message":"HTTP Request","meta":{"method":"POST","url":"/api/v1/auth/adminLogin","status":200,"duration":"1920ms","ip":"::1","device":"PostmanRuntime/7.56.1","correlationId":"40503ce1-21c4-4c50-90c6-bfbd195309e2"}}
{"timestamp":"2026-08-19T06:54:26.246Z","level":"info","message":"Protect: access attempt","meta":{"hasToken":true,"ip":"::1","device":"PostmanRuntime/7.56.1","correlationId":"dbade467-fa43-4f38-bf25-c80632e907cf"}}
{"timestamp":"2026-08-19T06:54:26.252Z","level":"info","message":"Protect: token verified","meta":{"userId":"6a6e8fd602c96e40fc310937","correlationId":"dbade467-fa43-4f38-bf25-c80632e907cf"}}
{"timestamp":"2026-08-19T06:54:26.488Z","level":"info","message":"Protect: access granted","meta":{"userId":"6a6e8fd602c96e40fc310937","role":"admin","correlationId":"dbade467-fa43-4f38-bf25-c80632e907cf"}}
{"timestamp":"2026-08-19T06:54:26.490Z","level":"info","message":"Authorization check","meta":{"userId":"6a6e8fd602c96e40fc310937","userRole":"admin","allowedRoles":["admin"],"correlationId":"dbade467-fa43-4f38-bf25-c80632e907cf"}}
{"timestamp":"2026-08-19T06:54:26.491Z","level":"info","message":"Authorization success","meta":{"userId":"6a6e8fd602c96e40fc310937","role":"admin","correlationId":"dbade467-fa43-4f38-bf25-c80632e907cf"}}
{"timestamp":"2026-08-19T06:54:27.201Z","level":"info","message":"HTTP Request","meta":{"method":"GET","url":"/api/v1/users/","status":200,"duration":"949ms","userId":"6a6e8fd602c96e40fc310937","ip":"::1","device":"PostmanRuntime/7.56.1","correlationId":"dbade467-fa43-4f38-bf25-c80632e907cf"}}
{"timestamp":"2026-08-19T06:54:46.748Z","level":"info","message":"Protect: access attempt","meta":{"hasToken":true,"ip":"::1","device":"PostmanRuntime/7.56.1","correlationId":"5a472e89-36d5-4934-a74b-54c1139e37a6"}}
{"timestamp":"2026-08-19T06:54:46.749Z","level":"info","message":"Protect: token verified","meta":{"userId":"6a6e8fd602c96e40fc310937","correlationId":"5a472e89-36d5-4934-a74b-54c1139e37a6"}}
{"timestamp":"2026-08-19T06:54:46.977Z","level":"info","message":"Protect: access granted","meta":{"userId":"6a6e8fd602c96e40fc310937","role":"admin","correlationId":"5a472e89-36d5-4934-a74b-54c1139e37a6"}}
{"timestamp":"2026-08-19T06:54:46.978Z","level":"info","message":"Authorization check","meta":{"userId":"6a6e8fd602c96e40fc310937","userRole":"admin","allowedRoles":["admin"],"correlationId":"5a472e89-36d5-4934-a74b-54c1139e37a6"}}
{"timestamp":"2026-08-19T06:54:46.979Z","level":"info","message":"Authorization success","meta":{"userId":"6a6e8fd602c96e40fc310937","role":"admin","correlationId":"5a472e89-36d5-4934-a74b-54c1139e37a6"}}
{"timestamp":"2026-08-19T06:54:47.221Z","level":"info","message":"HTTP Request","meta":{"method":"DELETE","url":"/api/v1/users/6a8550a31009c85eb1e45887","status":200,"duration":"474ms","userId":"6a6e8fd602c96e40fc310937","ip":"::1","device":"PostmanRuntime/7.56.1","correlationId":"5a472e89-36d5-4934-a74b-54c1139e37a6"}}
{"timestamp":"2026-08-19T06:55:00.275Z","level":"info","message":"Protect: access attempt","meta":{"hasToken":true,"ip":"::1","device":"PostmanRuntime/7.56.1","correlationId":"3ca9e1ec-6065-42bb-b02b-1be4bb709981"}}
{"timestamp":"2026-08-19T06:55:00.276Z","level":"info","message":"Protect: token verified","meta":{"userId":"6a6e8fd602c96e40fc310937","correlationId":"3ca9e1ec-6065-42bb-b02b-1be4bb709981"}}
{"timestamp":"2026-08-19T06:55:00.495Z","level":"info","message":"Protect: access granted","meta":{"userId":"6a6e8fd602c96e40fc310937","role":"admin","correlationId":"3ca9e1ec-6065-42bb-b02b-1be4bb709981"}}
{"timestamp":"2026-08-19T06:55:00.496Z","level":"info","message":"Authorization check","meta":{"userId":"6a6e8fd602c96e40fc310937","userRole":"admin","allowedRoles":["admin"],"correlationId":"3ca9e1ec-6065-42bb-b02b-1be4bb709981"}}
{"timestamp":"2026-08-19T06:55:00.496Z","level":"info","message":"Authorization success","meta":{"userId":"6a6e8fd602c96e40fc310937","role":"admin","correlationId":"3ca9e1ec-6065-42bb-b02b-1be4bb709981"}}
{"timestamp":"2026-08-19T06:55:00.719Z","level":"info","message":"HTTP Request","meta":{"method":"DELETE","url":"/api/v1/users/6a85501e1009c85eb1e45884","status":200,"duration":"445ms","userId":"6a6e8fd602c96e40fc310937","ip":"::1","device":"PostmanRuntime/7.56.1","correlationId":"3ca9e1ec-6065-42bb-b02b-1be4bb709981"}}
{"timestamp":"2026-08-19T06:55:18.670Z","level":"info","message":"Protect: access attempt","meta":{"hasToken":true,"ip":"::1","device":"PostmanRuntime/7.56.1","correlationId":"6b5f6b13-f759-4c0d-a10a-38fcdf648d44"}}
{"timestamp":"2026-08-19T06:55:18.671Z","level":"info","message":"Protect: token verified","meta":{"userId":"6a6e8fd602c96e40fc310937","correlationId":"6b5f6b13-f759-4c0d-a10a-38fcdf648d44"}}
{"timestamp":"2026-08-19T06:55:18.890Z","level":"info","message":"Protect: access granted","meta":{"userId":"6a6e8fd602c96e40fc310937","role":"admin","correlationId":"6b5f6b13-f759-4c0d-a10a-38fcdf648d44"}}
{"timestamp":"2026-08-19T06:55:18.891Z","level":"info","message":"Authorization check","meta":{"userId":"6a6e8fd602c96e40fc310937","userRole":"admin","allowedRoles":["admin"],"correlationId":"6b5f6b13-f759-4c0d-a10a-38fcdf648d44"}}
{"timestamp":"2026-08-19T06:55:18.892Z","level":"info","message":"Authorization success","meta":{"userId":"6a6e8fd602c96e40fc310937","role":"admin","correlationId":"6b5f6b13-f759-4c0d-a10a-38fcdf648d44"}}
{"timestamp":"2026-08-19T06:55:19.127Z","level":"info","message":"HTTP Request","meta":{"method":"DELETE","url":"/api/v1/users/6a854e5b1009c85eb1e4585b","status":200,"duration":"453ms","userId":"6a6e8fd602c96e40fc310937","ip":"::1","device":"PostmanRuntime/7.56.1","correlationId":"6b5f6b13-f759-4c0d-a10a-38fcdf648d44"}}
{"timestamp":"2026-08-19T06:55:32.691Z","level":"info","message":"Protect: access attempt","meta":{"hasToken":true,"ip":"::1","device":"PostmanRuntime/7.56.1","correlationId":"aa1c28a8-32a0-449a-bfea-f1fd9f8d49a7"}}
{"timestamp":"2026-08-19T06:55:32.694Z","level":"info","message":"Protect: token verified","meta":{"userId":"6a6e8fd602c96e40fc310937","correlationId":"aa1c28a8-32a0-449a-bfea-f1fd9f8d49a7"}}
{"timestamp":"2026-08-19T06:55:32.916Z","level":"info","message":"Protect: access granted","meta":{"userId":"6a6e8fd602c96e40fc310937","role":"admin","correlationId":"aa1c28a8-32a0-449a-bfea-f1fd9f8d49a7"}}
{"timestamp":"2026-08-19T06:55:32.917Z","level":"info","message":"Authorization check","meta":{"userId":"6a6e8fd602c96e40fc310937","userRole":"admin","allowedRoles":["admin"],"correlationId":"aa1c28a8-32a0-449a-bfea-f1fd9f8d49a7"}}
{"timestamp":"2026-08-19T06:55:32.918Z","level":"info","message":"Authorization success","meta":{"userId":"6a6e8fd602c96e40fc310937","role":"admin","correlationId":"aa1c28a8-32a0-449a-bfea-f1fd9f8d49a7"}}
{"timestamp":"2026-08-19T06:55:33.139Z","level":"info","message":"HTTP Request","meta":{"method":"DELETE","url":"/api/v1/users/6a854d151009c85eb1e4584e","status":200,"duration":"448ms","userId":"6a6e8fd602c96e40fc310937","ip":"::1","device":"PostmanRuntime/7.56.1","correlationId":"aa1c28a8-32a0-449a-bfea-f1fd9f8d49a7"}}
{"timestamp":"2026-08-19T06:56:09.973Z","level":"info","message":"HTTP Request","meta":{"method":"POST","url":"/api/v1/auth/signup","status":201,"duration":"2895ms","ip":"::1","device":"PostmanRuntime/7.56.1","correlationId":"97a47d00-33b9-4401-b8f2-002543508fb1"}}
{"timestamp":"2026-08-19T06:56:48.694Z","level":"info","message":"Device check started","meta":{"userId":"6a6e8fd602c96e40fc310937","device":"PostmanRuntime/7.56.1","ip":"::1","correlationId":"58fa3f48-e261-41b2-a19e-1c5fb476b698"}}
{"timestamp":"2026-08-19T06:56:48.916Z","level":"info","message":"Device recognized (no alert needed)","meta":{"userId":"6a6e8fd602c96e40fc310937","device":"PostmanRuntime/7.56.1","ip":"::1","correlationId":"58fa3f48-e261-41b2-a19e-1c5fb476b698"}}
{"timestamp":"2026-08-19T06:56:48.919Z","level":"info","message":"HTTP Request","meta":{"method":"POST","url":"/api/v1/auth/adminLogin","status":200,"duration":"1414ms","ip":"::1","device":"PostmanRuntime/7.56.1","correlationId":"58fa3f48-e261-41b2-a19e-1c5fb476b698"}}
{"timestamp":"2026-08-19T06:56:58.549Z","level":"info","message":"Protect: access attempt","meta":{"hasToken":true,"ip":"::1","device":"PostmanRuntime/7.56.1","correlationId":"6a2451e3-6f71-4308-8317-3a18f73c15a4"}}
{"timestamp":"2026-08-19T06:56:58.551Z","level":"info","message":"Protect: token verified","meta":{"userId":"6a6e8fd602c96e40fc310937","correlationId":"6a2451e3-6f71-4308-8317-3a18f73c15a4"}}
{"timestamp":"2026-08-19T06:56:58.770Z","level":"info","message":"Protect: access granted","meta":{"userId":"6a6e8fd602c96e40fc310937","role":"admin","correlationId":"6a2451e3-6f71-4308-8317-3a18f73c15a4"}}
{"timestamp":"2026-08-19T06:56:58.772Z","level":"info","message":"Authorization check","meta":{"userId":"6a6e8fd602c96e40fc310937","userRole":"admin","allowedRoles":["admin"],"correlationId":"6a2451e3-6f71-4308-8317-3a18f73c15a4"}}
{"timestamp":"2026-08-19T06:56:58.782Z","level":"info","message":"Authorization success","meta":{"userId":"6a6e8fd602c96e40fc310937","role":"admin","correlationId":"6a2451e3-6f71-4308-8317-3a18f73c15a4"}}
{"timestamp":"2026-08-19T06:56:59.293Z","level":"info","message":"HTTP Request","meta":{"method":"GET","url":"/api/v1/users/","status":200,"duration":"740ms","userId":"6a6e8fd602c96e40fc310937","ip":"::1","device":"PostmanRuntime/7.56.1","correlationId":"6a2451e3-6f71-4308-8317-3a18f73c15a4"}}
{"timestamp":"2026-08-19T06:57:18.246Z","level":"info","message":"Protect: access attempt","meta":{"hasToken":true,"ip":"::1","device":"PostmanRuntime/7.56.1","correlationId":"983f22e2-8316-4a00-884c-a28bd15f0bcb"}}
{"timestamp":"2026-08-19T06:57:18.249Z","level":"info","message":"Protect: token verified","meta":{"userId":"6a6e8fd602c96e40fc310937","correlationId":"983f22e2-8316-4a00-884c-a28bd15f0bcb"}}
{"timestamp":"2026-08-19T06:57:18.467Z","level":"info","message":"Protect: access granted","meta":{"userId":"6a6e8fd602c96e40fc310937","role":"admin","correlationId":"983f22e2-8316-4a00-884c-a28bd15f0bcb"}}
{"timestamp":"2026-08-19T06:57:18.469Z","level":"info","message":"Authorization check","meta":{"userId":"6a6e8fd602c96e40fc310937","userRole":"admin","allowedRoles":["admin"],"correlationId":"983f22e2-8316-4a00-884c-a28bd15f0bcb"}}
{"timestamp":"2026-08-19T06:57:18.484Z","level":"info","message":"Authorization success","meta":{"userId":"6a6e8fd602c96e40fc310937","role":"admin","correlationId":"983f22e2-8316-4a00-884c-a28bd15f0bcb"}}
{"timestamp":"2026-08-19T06:57:18.715Z","level":"info","message":"HTTP Request","meta":{"method":"DELETE","url":"/api/v1/users/6a8553877b91ce3c54379051","status":200,"duration":"469ms","userId":"6a6e8fd602c96e40fc310937","ip":"::1","device":"PostmanRuntime/7.56.1","correlationId":"983f22e2-8316-4a00-884c-a28bd15f0bcb"}}
{"timestamp":"2026-08-19T06:57:32.779Z","level":"info","message":"HTTP Request","meta":{"method":"POST","url":"/api/v1/auth/signup","status":201,"duration":"2642ms","ip":"::1","device":"PostmanRuntime/7.56.1","correlationId":"009de57d-1b6e-4d87-99f0-cc790507fda8"}}
{"timestamp":"2026-08-19T07:02:56.443Z","level":"info","message":"⚡ Socket.IO initialized"}
{"timestamp":"2026-08-19T07:02:56.452Z","level":"info","message":"🚀 Server + Socket.IO running on port 8000"}
{"timestamp":"2026-08-19T07:02:58.801Z","level":"info","message":"📦 MongoDB connected successfully"}
{"timestamp":"2026-08-19T07:03:20.031Z","level":"info","message":"⚡ Socket.IO initialized"}
{"timestamp":"2026-08-19T07:03:20.038Z","level":"info","message":"🚀 Server + Socket.IO running on port 8000"}
{"timestamp":"2026-08-19T07:03:22.015Z","level":"info","message":"📦 MongoDB connected successfully"}
{"timestamp":"2026-08-19T07:03:40.651Z","level":"info","message":"Device check started","meta":{"userId":"6a6e8fd602c96e40fc310937","device":"PostmanRuntime/7.56.1","ip":"::1","correlationId":"3fa6f3e0-d06c-48a0-8388-8c3ac2684ee8"}}
{"timestamp":"2026-08-19T07:03:40.892Z","level":"info","message":"Device recognized (no alert needed)","meta":{"userId":"6a6e8fd602c96e40fc310937","device":"PostmanRuntime/7.56.1","ip":"::1","correlationId":"3fa6f3e0-d06c-48a0-8388-8c3ac2684ee8"}}
{"timestamp":"2026-08-19T07:03:40.903Z","level":"info","message":"HTTP Request","meta":{"method":"POST","url":"/api/v1/auth/adminLogin","status":200,"duration":"1811ms","ip":"::1","device":"PostmanRuntime/7.56.1","correlationId":"3fa6f3e0-d06c-48a0-8388-8c3ac2684ee8"}}
{"timestamp":"2026-08-19T07:03:46.015Z","level":"info","message":"Protect: access attempt","meta":{"hasToken":true,"ip":"::1","device":"PostmanRuntime/7.56.1","correlationId":"19db33c3-b49c-4d16-97ae-e063cca14ea1"}}
{"timestamp":"2026-08-19T07:03:46.018Z","level":"info","message":"Protect: token verified","meta":{"userId":"6a6e8fd602c96e40fc310937","correlationId":"19db33c3-b49c-4d16-97ae-e063cca14ea1"}}
{"timestamp":"2026-08-19T07:03:46.248Z","level":"info","message":"Protect: access granted","meta":{"userId":"6a6e8fd602c96e40fc310937","role":"admin","correlationId":"19db33c3-b49c-4d16-97ae-e063cca14ea1"}}
{"timestamp":"2026-08-19T07:03:46.250Z","level":"info","message":"Authorization check","meta":{"userId":"6a6e8fd602c96e40fc310937","userRole":"admin","allowedRoles":["admin"],"correlationId":"19db33c3-b49c-4d16-97ae-e063cca14ea1"}}
{"timestamp":"2026-08-19T07:03:46.251Z","level":"info","message":"Authorization success","meta":{"userId":"6a6e8fd602c96e40fc310937","role":"admin","correlationId":"19db33c3-b49c-4d16-97ae-e063cca14ea1"}}
{"timestamp":"2026-08-19T07:03:46.492Z","level":"info","message":"HTTP Request","meta":{"method":"DELETE","url":"/api/v1/users/6a8553da7b91ce3c5437905d","status":200,"duration":"479ms","userId":"6a6e8fd602c96e40fc310937","ip":"::1","device":"PostmanRuntime/7.56.1","correlationId":"19db33c3-b49c-4d16-97ae-e063cca14ea1"}}
{"timestamp":"2026-08-19T07:04:09.948Z","level":"error","message":"Unhandled Error","meta":{"message":"Failed to send verification email","stack":"Error: Failed to send verification email\n    at C:\\Users\\Bashar\\Desktop\\TIC_Educational_Website\\backend\\services\\authService.js:431:17\n    at process.processTicksAndRejections (node:internal/process/task_queues:104:5)","route":"/api/v1/auth/signup","body":{"name":"bashar Ballan,","email":"ayaybshty@gmail.com","password":"Pass123@456","confirmPassword":"Pass123@456","slug":"bashar-Ballan"},"params":{},"correlationId":"1f259f14-b45f-498b-a29a-edfb73e4509a"}}
{"timestamp":"2026-08-19T07:04:09.957Z","level":"info","message":"HTTP Request","meta":{"method":"POST","url":"/api/v1/auth/signup","status":500,"duration":"12491ms","ip":"::1","device":"PostmanRuntime/7.56.1","correlationId":"1f259f14-b45f-498b-a29a-edfb73e4509a"}}
{"timestamp":"2026-08-19T07:04:46.447Z","level":"info","message":"⚡ Socket.IO initialized"}
{"timestamp":"2026-08-19T07:04:46.453Z","level":"info","message":"🚀 Server + Socket.IO running on port 8000"}
{"timestamp":"2026-08-19T07:04:48.625Z","level":"info","message":"📦 MongoDB connected successfully"}
{"timestamp":"2026-08-19T07:04:51.301Z","level":"error","message":"Unhandled Error","meta":{"message":"Email already in use","stack":"Error: Email already in use\n    at C:\\Users\\Bashar\\Desktop\\TIC_Educational_Website\\backend\\services\\authService.js:368:17\n    at process.processTicksAndRejections (node:internal/process/task_queues:104:5)","route":"/api/v1/auth/signup","body":{"name":"bashar Ballan,","email":"ayaybshty@gmail.com","password":"Pass123@456","confirmPassword":"Pass123@456","slug":"bashar-Ballan"},"params":{},"correlationId":"8d44a826-0e67-4d0f-a56c-71916116ef08"}}
{"timestamp":"2026-08-19T07:04:51.315Z","level":"info","message":"HTTP Request","meta":{"method":"POST","url":"/api/v1/auth/signup","status":400,"duration":"261ms","ip":"::1","device":"PostmanRuntime/7.56.1","correlationId":"8d44a826-0e67-4d0f-a56c-71916116ef08"}}
{"timestamp":"2026-08-19T07:05:23.381Z","level":"error","message":"Unhandled Error","meta":{"message":"Failed to send verification email","stack":"Error: Failed to send verification email\n    at C:\\Users\\Bashar\\Desktop\\TIC_Educational_Website\\backend\\services\\authService.js:431:17\n    at process.processTicksAndRejections (node:internal/process/task_queues:104:5)","route":"/api/v1/auth/signup","body":{"name":"bashar Ballan,","email":"ballbasa603@gmail.com","password":"Pass123@456","confirmPassword":"Pass123@456","slug":"bashar-Ballan"},"params":{},"correlationId":"e5213478-e594-4dda-bca7-a313f495fc6e"}}
{"timestamp":"2026-08-19T07:05:23.386Z","level":"info","message":"HTTP Request","meta":{"method":"POST","url":"/api/v1/auth/signup","status":500,"duration":"12359ms","ip":"::1","device":"PostmanRuntime/7.56.1","correlationId":"e5213478-e594-4dda-bca7-a313f495fc6e"}}
{"timestamp":"2026-08-19T07:09:41.506Z","level":"info","message":"⚡ Socket.IO initialized"}
{"timestamp":"2026-08-19T07:09:41.517Z","level":"info","message":"🚀 Server + Socket.IO running on port 8000"}
{"timestamp":"2026-08-19T07:09:43.741Z","level":"info","message":"📦 MongoDB connected successfully"}
{"timestamp":"2026-08-19T07:09:59.877Z","level":"info","message":"Device check started","meta":{"userId":"6a6e8fd602c96e40fc310937","device":"PostmanRuntime/7.56.1","ip":"::1","correlationId":"a3af466f-3f9c-40eb-815e-34998a9d31ee"}}
{"timestamp":"2026-08-19T07:10:00.099Z","level":"info","message":"Device recognized (no alert needed)","meta":{"userId":"6a6e8fd602c96e40fc310937","device":"PostmanRuntime/7.56.1","ip":"::1","correlationId":"a3af466f-3f9c-40eb-815e-34998a9d31ee"}}
{"timestamp":"2026-08-19T07:10:00.109Z","level":"info","message":"HTTP Request","meta":{"method":"POST","url":"/api/v1/auth/adminLogin","status":200,"duration":"1623ms","ip":"::1","device":"PostmanRuntime/7.56.1","correlationId":"a3af466f-3f9c-40eb-815e-34998a9d31ee"}}
{"timestamp":"2026-08-19T07:10:03.926Z","level":"info","message":"Protect: access attempt","meta":{"hasToken":true,"ip":"::1","device":"PostmanRuntime/7.56.1","correlationId":"05fc1e0b-35c0-4e24-b74a-19c1d23e796c"}}
{"timestamp":"2026-08-19T07:10:03.929Z","level":"info","message":"Protect: token verified","meta":{"userId":"6a6e8fd602c96e40fc310937","correlationId":"05fc1e0b-35c0-4e24-b74a-19c1d23e796c"}}
{"timestamp":"2026-08-19T07:10:04.147Z","level":"info","message":"Protect: access granted","meta":{"userId":"6a6e8fd602c96e40fc310937","role":"admin","correlationId":"05fc1e0b-35c0-4e24-b74a-19c1d23e796c"}}
{"timestamp":"2026-08-19T07:10:04.149Z","level":"info","message":"Authorization check","meta":{"userId":"6a6e8fd602c96e40fc310937","userRole":"admin","allowedRoles":["admin"],"correlationId":"05fc1e0b-35c0-4e24-b74a-19c1d23e796c"}}
{"timestamp":"2026-08-19T07:10:04.149Z","level":"info","message":"Authorization success","meta":{"userId":"6a6e8fd602c96e40fc310937","role":"admin","correlationId":"05fc1e0b-35c0-4e24-b74a-19c1d23e796c"}}
{"timestamp":"2026-08-19T07:10:04.832Z","level":"info","message":"HTTP Request","meta":{"method":"GET","url":"/api/v1/users/","status":200,"duration":"906ms","userId":"6a6e8fd602c96e40fc310937","ip":"::1","device":"PostmanRuntime/7.56.1","correlationId":"05fc1e0b-35c0-4e24-b74a-19c1d23e796c"}}
{"timestamp":"2026-08-19T07:10:14.977Z","level":"info","message":"Protect: access attempt","meta":{"hasToken":true,"ip":"::1","device":"PostmanRuntime/7.56.1","correlationId":"a29bdaf7-be0c-4458-bbf8-028f77af6a04"}}
{"timestamp":"2026-08-19T07:10:14.979Z","level":"info","message":"Protect: token verified","meta":{"userId":"6a6e8fd602c96e40fc310937","correlationId":"a29bdaf7-be0c-4458-bbf8-028f77af6a04"}}
{"timestamp":"2026-08-19T07:10:15.264Z","level":"info","message":"Protect: access granted","meta":{"userId":"6a6e8fd602c96e40fc310937","role":"admin","correlationId":"a29bdaf7-be0c-4458-bbf8-028f77af6a04"}}
{"timestamp":"2026-08-19T07:10:15.267Z","level":"info","message":"Authorization check","meta":{"userId":"6a6e8fd602c96e40fc310937","userRole":"admin","allowedRoles":["admin"],"correlationId":"a29bdaf7-be0c-4458-bbf8-028f77af6a04"}}
{"timestamp":"2026-08-19T07:10:15.268Z","level":"info","message":"Authorization success","meta":{"userId":"6a6e8fd602c96e40fc310937","role":"admin","correlationId":"a29bdaf7-be0c-4458-bbf8-028f77af6a04"}}
{"timestamp":"2026-08-19T07:10:15.502Z","level":"info","message":"HTTP Request","meta":{"method":"DELETE","url":"/api/v1/users/6a8555a7ff6c7c440916e8a3","status":200,"duration":"525ms","userId":"6a6e8fd602c96e40fc310937","ip":"::1","device":"PostmanRuntime/7.56.1","correlationId":"a29bdaf7-be0c-4458-bbf8-028f77af6a04"}}
{"timestamp":"2026-08-19T07:10:34.508Z","level":"info","message":"Protect: access attempt","meta":{"hasToken":true,"ip":"::1","device":"PostmanRuntime/7.56.1","correlationId":"6d934d0f-def3-44fd-a962-1ab183232ca5"}}
{"timestamp":"2026-08-19T07:10:34.509Z","level":"info","message":"Protect: token verified","meta":{"userId":"6a6e8fd602c96e40fc310937","correlationId":"6d934d0f-def3-44fd-a962-1ab183232ca5"}}
{"timestamp":"2026-08-19T07:10:34.724Z","level":"info","message":"Protect: access granted","meta":{"userId":"6a6e8fd602c96e40fc310937","role":"admin","correlationId":"6d934d0f-def3-44fd-a962-1ab183232ca5"}}
{"timestamp":"2026-08-19T07:10:34.725Z","level":"info","message":"Authorization check","meta":{"userId":"6a6e8fd602c96e40fc310937","userRole":"admin","allowedRoles":["admin"],"correlationId":"6d934d0f-def3-44fd-a962-1ab183232ca5"}}
{"timestamp":"2026-08-19T07:10:34.726Z","level":"info","message":"Authorization success","meta":{"userId":"6a6e8fd602c96e40fc310937","role":"admin","correlationId":"6d934d0f-def3-44fd-a962-1ab183232ca5"}}
{"timestamp":"2026-08-19T07:10:34.944Z","level":"info","message":"HTTP Request","meta":{"method":"DELETE","url":"/api/v1/users/6a85555d5da7d5c28118c0a6","status":200,"duration":"439ms","userId":"6a6e8fd602c96e40fc310937","ip":"::1","device":"PostmanRuntime/7.56.1","correlationId":"6d934d0f-def3-44fd-a962-1ab183232ca5"}}
{"timestamp":"2026-08-19T07:10:44.157Z","level":"info","message":"HTTP Request","meta":{"method":"POST","url":"/api/v1/auth/signup","status":201,"duration":"3735ms","ip":"::1","device":"PostmanRuntime/7.56.1","correlationId":"56bd4b8c-c577-454d-8d22-1dd0ad5add6d"}}
{"timestamp":"2026-08-19T07:11:50.678Z","level":"info","message":"Device check started","meta":{"userId":"6a6e8fd602c96e40fc310937","device":"PostmanRuntime/7.56.1","ip":"::1","correlationId":"d71493c0-0942-498d-91f5-1e8640931f5c"}}
{"timestamp":"2026-08-19T07:11:50.895Z","level":"info","message":"Device recognized (no alert needed)","meta":{"userId":"6a6e8fd602c96e40fc310937","device":"PostmanRuntime/7.56.1","ip":"::1","correlationId":"d71493c0-0942-498d-91f5-1e8640931f5c"}}
{"timestamp":"2026-08-19T07:11:50.898Z","level":"info","message":"HTTP Request","meta":{"method":"POST","url":"/api/v1/auth/adminLogin","status":200,"duration":"1876ms","ip":"::1","device":"PostmanRuntime/7.56.1","correlationId":"d71493c0-0942-498d-91f5-1e8640931f5c"}}
{"timestamp":"2026-08-19T07:12:07.391Z","level":"info","message":"Protect: access attempt","meta":{"hasToken":true,"ip":"::1","device":"PostmanRuntime/7.56.1","correlationId":"ae2eda3a-02e2-4705-b905-f6be010ec378"}}
{"timestamp":"2026-08-19T07:12:07.392Z","level":"info","message":"Protect: token verified","meta":{"userId":"6a6e8fd602c96e40fc310937","correlationId":"ae2eda3a-02e2-4705-b905-f6be010ec378"}}
{"timestamp":"2026-08-19T07:12:07.612Z","level":"info","message":"Protect: access granted","meta":{"userId":"6a6e8fd602c96e40fc310937","role":"admin","correlationId":"ae2eda3a-02e2-4705-b905-f6be010ec378"}}
{"timestamp":"2026-08-19T07:12:07.613Z","level":"info","message":"Authorization check","meta":{"userId":"6a6e8fd602c96e40fc310937","userRole":"admin","allowedRoles":["admin"],"correlationId":"ae2eda3a-02e2-4705-b905-f6be010ec378"}}
{"timestamp":"2026-08-19T07:12:07.614Z","level":"info","message":"Authorization success","meta":{"userId":"6a6e8fd602c96e40fc310937","role":"admin","correlationId":"ae2eda3a-02e2-4705-b905-f6be010ec378"}}
{"timestamp":"2026-08-19T07:12:07.834Z","level":"info","message":"HTTP Request","meta":{"method":"DELETE","url":"/api/v1/users/6a8556f009daefac8731a93a","status":200,"duration":"443ms","userId":"6a6e8fd602c96e40fc310937","ip":"::1","device":"PostmanRuntime/7.56.1","correlationId":"ae2eda3a-02e2-4705-b905-f6be010ec378"}}
{"timestamp":"2026-08-19T07:12:16.260Z","level":"info","message":"HTTP Request","meta":{"method":"POST","url":"/api/v1/auth/signup","status":201,"duration":"2522ms","ip":"::1","device":"PostmanRuntime/7.56.1","correlationId":"38b6c14a-9f29-48b4-bba7-68c828b3749b"}}
{"timestamp":"2026-08-19T07:17:32.146Z","level":"info","message":"⚡ Socket.IO initialized"}
{"timestamp":"2026-08-19T07:17:32.157Z","level":"info","message":"🚀 Server + Socket.IO running on port 8000"}
{"timestamp":"2026-08-19T07:17:34.355Z","level":"info","message":"📦 MongoDB connected successfully"}
{"timestamp":"2026-08-19T07:17:56.835Z","level":"info","message":"Protect: access attempt","meta":{"hasToken":true,"ip":"::1","device":"PostmanRuntime/7.56.1","correlationId":"b8d73c64-d40c-4384-b8b6-9ed7e692d1da"}}
{"timestamp":"2026-08-19T07:17:56.847Z","level":"info","message":"Protect: token verified","meta":{"userId":"6a6e8fd602c96e40fc310937","correlationId":"b8d73c64-d40c-4384-b8b6-9ed7e692d1da"}}
{"timestamp":"2026-08-19T07:17:57.104Z","level":"info","message":"Protect: access granted","meta":{"userId":"6a6e8fd602c96e40fc310937","role":"admin","correlationId":"b8d73c64-d40c-4384-b8b6-9ed7e692d1da"}}
{"timestamp":"2026-08-19T07:17:57.107Z","level":"info","message":"Authorization check","meta":{"userId":"6a6e8fd602c96e40fc310937","userRole":"admin","allowedRoles":["admin"],"correlationId":"b8d73c64-d40c-4384-b8b6-9ed7e692d1da"}}
{"timestamp":"2026-08-19T07:17:57.109Z","level":"info","message":"Authorization success","meta":{"userId":"6a6e8fd602c96e40fc310937","role":"admin","correlationId":"b8d73c64-d40c-4384-b8b6-9ed7e692d1da"}}
{"timestamp":"2026-08-19T07:17:57.367Z","level":"info","message":"HTTP Request","meta":{"method":"DELETE","url":"/api/v1/users/6a85574d09daefac8731a943","status":200,"duration":"541ms","userId":"6a6e8fd602c96e40fc310937","ip":"::1","device":"PostmanRuntime/7.56.1","correlationId":"b8d73c64-d40c-4384-b8b6-9ed7e692d1da"}}
{"timestamp":"2026-08-19T07:18:06.654Z","level":"info","message":"HTTP Request","meta":{"method":"POST","url":"/api/v1/auth/signup","status":201,"duration":"3601ms","ip":"::1","device":"PostmanRuntime/7.56.1","correlationId":"8ec27fcd-e6a7-440c-b601-f04f8af4f1b8"}}
{"timestamp":"2026-08-19T07:21:06.564Z","level":"info","message":"⚡ Socket.IO initialized"}
{"timestamp":"2026-08-19T07:21:06.642Z","level":"info","message":"🚀 Server + Socket.IO running on port 8000"}
{"timestamp":"2026-08-19T07:21:08.657Z","level":"info","message":"📦 MongoDB connected successfully"}
{"timestamp":"2026-08-19T07:21:18.406Z","level":"info","message":"Protect: access attempt","meta":{"hasToken":true,"ip":"::1","device":"PostmanRuntime/7.56.1","correlationId":"fe14b533-4696-4006-b4a0-3966b1dae86f"}}
{"timestamp":"2026-08-19T07:21:18.414Z","level":"info","message":"Protect: token verified","meta":{"userId":"6a6e8fd602c96e40fc310937","correlationId":"fe14b533-4696-4006-b4a0-3966b1dae86f"}}
{"timestamp":"2026-08-19T07:21:18.677Z","level":"info","message":"Protect: access granted","meta":{"userId":"6a6e8fd602c96e40fc310937","role":"admin","correlationId":"fe14b533-4696-4006-b4a0-3966b1dae86f"}}
{"timestamp":"2026-08-19T07:21:18.679Z","level":"info","message":"Authorization check","meta":{"userId":"6a6e8fd602c96e40fc310937","userRole":"admin","allowedRoles":["admin"],"correlationId":"fe14b533-4696-4006-b4a0-3966b1dae86f"}}
{"timestamp":"2026-08-19T07:21:18.680Z","level":"info","message":"Authorization success","meta":{"userId":"6a6e8fd602c96e40fc310937","role":"admin","correlationId":"fe14b533-4696-4006-b4a0-3966b1dae86f"}}
{"timestamp":"2026-08-19T07:21:18.947Z","level":"info","message":"HTTP Request","meta":{"method":"DELETE","url":"/api/v1/users/6a8558ab9b8e4fe8bba4a305","status":200,"duration":"548ms","userId":"6a6e8fd602c96e40fc310937","ip":"::1","device":"PostmanRuntime/7.56.1","correlationId":"fe14b533-4696-4006-b4a0-3966b1dae86f"}}
{"timestamp":"2026-08-19T07:21:29.211Z","level":"info","message":"HTTP Request","meta":{"method":"POST","url":"/api/v1/auth/signup","status":201,"duration":"3047ms","ip":"::1","device":"PostmanRuntime/7.56.1","correlationId":"aa59ac68-8816-42d5-b867-a07d588c967d"}}
{"timestamp":"2026-08-19T07:26:52.505Z","level":"info","message":"⚡ Socket.IO initialized"}
{"timestamp":"2026-08-19T07:26:52.519Z","level":"info","message":"🚀 Server + Socket.IO running on port 8000"}
{"timestamp":"2026-08-19T07:26:54.637Z","level":"info","message":"📦 MongoDB connected successfully"}
{"timestamp":"2026-08-19T07:27:05.992Z","level":"error","message":"Unhandled Error","meta":{"message":"Email already in use","stack":"Error: Email already in use\n    at C:\\Users\\Bashar\\Desktop\\TIC_Educational_Website\\backend\\services\\authService.js:368:17\n    at process.processTicksAndRejections (node:internal/process/task_queues:104:5)","route":"/api/v1/auth/signup","body":{"name":"bashar Ballan,","email":"ballbasa603@gmail.com","password":"Pass123@456","confirmPassword":"Pass123@456","slug":"bashar-Ballan"},"params":{},"correlationId":"d6d64643-0803-43a1-9088-e524faf2c826"}}
{"timestamp":"2026-08-19T07:27:06.017Z","level":"info","message":"HTTP Request","meta":{"method":"POST","url":"/api/v1/auth/signup","status":400,"duration":"271ms","ip":"::1","device":"PostmanRuntime/7.56.1","correlationId":"d6d64643-0803-43a1-9088-e524faf2c826"}}
{"timestamp":"2026-08-19T07:27:15.265Z","level":"info","message":"Protect: access attempt","meta":{"hasToken":true,"ip":"::1","device":"PostmanRuntime/7.56.1","correlationId":"19a0f177-9afb-4bfc-99a7-3a443e9f70c0"}}
{"timestamp":"2026-08-19T07:27:15.270Z","level":"info","message":"Protect: token verified","meta":{"userId":"6a6e8fd602c96e40fc310937","correlationId":"19a0f177-9afb-4bfc-99a7-3a443e9f70c0"}}
{"timestamp":"2026-08-19T07:27:15.487Z","level":"info","message":"Protect: access granted","meta":{"userId":"6a6e8fd602c96e40fc310937","role":"admin","correlationId":"19a0f177-9afb-4bfc-99a7-3a443e9f70c0"}}
{"timestamp":"2026-08-19T07:27:15.488Z","level":"info","message":"Authorization check","meta":{"userId":"6a6e8fd602c96e40fc310937","userRole":"admin","allowedRoles":["admin"],"correlationId":"19a0f177-9afb-4bfc-99a7-3a443e9f70c0"}}
{"timestamp":"2026-08-19T07:27:15.490Z","level":"info","message":"Authorization success","meta":{"userId":"6a6e8fd602c96e40fc310937","role":"admin","correlationId":"19a0f177-9afb-4bfc-99a7-3a443e9f70c0"}}
{"timestamp":"2026-08-19T07:27:15.982Z","level":"info","message":"HTTP Request","meta":{"method":"GET","url":"/api/v1/users/","status":200,"duration":"718ms","userId":"6a6e8fd602c96e40fc310937","ip":"::1","device":"PostmanRuntime/7.56.1","correlationId":"19a0f177-9afb-4bfc-99a7-3a443e9f70c0"}}
{"timestamp":"2026-08-19T07:27:30.855Z","level":"info","message":"Protect: access attempt","meta":{"hasToken":true,"ip":"::1","device":"PostmanRuntime/7.56.1","correlationId":"2bb746fc-f1f0-43d3-ba99-0b2aca3a75ac"}}
{"timestamp":"2026-08-19T07:27:30.858Z","level":"info","message":"Protect: token verified","meta":{"userId":"6a6e8fd602c96e40fc310937","correlationId":"2bb746fc-f1f0-43d3-ba99-0b2aca3a75ac"}}
{"timestamp":"2026-08-19T07:27:31.079Z","level":"info","message":"Protect: access granted","meta":{"userId":"6a6e8fd602c96e40fc310937","role":"admin","correlationId":"2bb746fc-f1f0-43d3-ba99-0b2aca3a75ac"}}
{"timestamp":"2026-08-19T07:27:31.080Z","level":"info","message":"Authorization check","meta":{"userId":"6a6e8fd602c96e40fc310937","userRole":"admin","allowedRoles":["admin"],"correlationId":"2bb746fc-f1f0-43d3-ba99-0b2aca3a75ac"}}
{"timestamp":"2026-08-19T07:27:31.081Z","level":"info","message":"Authorization success","meta":{"userId":"6a6e8fd602c96e40fc310937","role":"admin","correlationId":"2bb746fc-f1f0-43d3-ba99-0b2aca3a75ac"}}
{"timestamp":"2026-08-19T07:27:31.301Z","level":"info","message":"HTTP Request","meta":{"method":"DELETE","url":"/api/v1/users/6a855976d6f138ee0556dc35","status":200,"duration":"446ms","userId":"6a6e8fd602c96e40fc310937","ip":"::1","device":"PostmanRuntime/7.56.1","correlationId":"2bb746fc-f1f0-43d3-ba99-0b2aca3a75ac"}}
{"timestamp":"2026-08-19T07:27:42.027Z","level":"info","message":"HTTP Request","meta":{"method":"POST","url":"/api/v1/auth/signup","status":201,"duration":"3322ms","ip":"::1","device":"PostmanRuntime/7.56.1","correlationId":"8bb3483b-1810-4cfe-ba94-76dfcb55ece5"}}
{"timestamp":"2026-08-19T07:30:40.283Z","level":"info","message":"Protect: access attempt","meta":{"hasToken":true,"ip":"::1","device":"PostmanRuntime/7.56.1","correlationId":"6e7a0daa-f77f-410d-96c8-55af79e61886"}}
{"timestamp":"2026-08-19T07:30:40.284Z","level":"info","message":"Protect: token verified","meta":{"userId":"6a6e8fd602c96e40fc310937","correlationId":"6e7a0daa-f77f-410d-96c8-55af79e61886"}}
{"timestamp":"2026-08-19T07:30:40.491Z","level":"info","message":"Protect: access granted","meta":{"userId":"6a6e8fd602c96e40fc310937","role":"admin","correlationId":"6e7a0daa-f77f-410d-96c8-55af79e61886"}}
{"timestamp":"2026-08-19T07:30:40.492Z","level":"info","message":"Authorization check","meta":{"userId":"6a6e8fd602c96e40fc310937","userRole":"admin","allowedRoles":["admin"],"correlationId":"6e7a0daa-f77f-410d-96c8-55af79e61886"}}
{"timestamp":"2026-08-19T07:30:40.492Z","level":"info","message":"Authorization success","meta":{"userId":"6a6e8fd602c96e40fc310937","role":"admin","correlationId":"6e7a0daa-f77f-410d-96c8-55af79e61886"}}
{"timestamp":"2026-08-19T07:30:40.709Z","level":"info","message":"HTTP Request","meta":{"method":"DELETE","url":"/api/v1/users/6a855aea58f121c97378be94","status":200,"duration":"427ms","userId":"6a6e8fd602c96e40fc310937","ip":"::1","device":"PostmanRuntime/7.56.1","correlationId":"6e7a0daa-f77f-410d-96c8-55af79e61886"}}
{"timestamp":"2026-08-19T07:30:50.829Z","level":"info","message":"HTTP Request","meta":{"method":"POST","url":"/api/v1/auth/signup","status":201,"duration":"3794ms","ip":"::1","device":"PostmanRuntime/7.56.1","correlationId":"50378945-f300-41a9-8cca-04d89e840d85"}}
{"timestamp":"2026-08-19T07:31:10.399Z","level":"info","message":"⚡ Socket.IO initialized"}
{"timestamp":"2026-08-19T07:31:10.412Z","level":"info","message":"🚀 Server + Socket.IO running on port 8000"}
{"timestamp":"2026-08-19T07:31:12.514Z","level":"info","message":"📦 MongoDB connected successfully"}
{"timestamp":"2026-08-19T07:31:26.144Z","level":"info","message":"Protect: access attempt","meta":{"hasToken":true,"ip":"::1","device":"PostmanRuntime/7.56.1","correlationId":"d73e856a-1f04-4a1b-af43-c2dbf81e33e3"}}
{"timestamp":"2026-08-19T07:31:26.150Z","level":"info","message":"Protect: token verified","meta":{"userId":"6a6e8fd602c96e40fc310937","correlationId":"d73e856a-1f04-4a1b-af43-c2dbf81e33e3"}}
{"timestamp":"2026-08-19T07:31:26.390Z","level":"info","message":"Protect: access granted","meta":{"userId":"6a6e8fd602c96e40fc310937","role":"admin","correlationId":"d73e856a-1f04-4a1b-af43-c2dbf81e33e3"}}
{"timestamp":"2026-08-19T07:31:26.393Z","level":"info","message":"Authorization check","meta":{"userId":"6a6e8fd602c96e40fc310937","userRole":"admin","allowedRoles":["admin"],"correlationId":"d73e856a-1f04-4a1b-af43-c2dbf81e33e3"}}
{"timestamp":"2026-08-19T07:31:26.394Z","level":"info","message":"Authorization success","meta":{"userId":"6a6e8fd602c96e40fc310937","role":"admin","correlationId":"d73e856a-1f04-4a1b-af43-c2dbf81e33e3"}}
{"timestamp":"2026-08-19T07:31:26.680Z","level":"info","message":"HTTP Request","meta":{"method":"DELETE","url":"/api/v1/users/6a855ba758f121c97378be99","status":200,"duration":"519ms","userId":"6a6e8fd602c96e40fc310937","ip":"::1","device":"PostmanRuntime/7.56.1","correlationId":"d73e856a-1f04-4a1b-af43-c2dbf81e33e3"}}
{"timestamp":"2026-08-19T07:31:34.383Z","level":"info","message":"HTTP Request","meta":{"method":"POST","url":"/api/v1/auth/signup","status":201,"duration":"3227ms","ip":"::1","device":"PostmanRuntime/7.56.1","correlationId":"16b966fc-c6bd-4c8f-85ab-f604d944d79f"}}
{"timestamp":"2026-08-19T07:32:06.485Z","level":"error","message":"Unhandled Error","meta":{"message":"Invalid verification code","stack":"Error: Invalid verification code\n    at C:\\Users\\Bashar\\Desktop\\TIC_Educational_Website\\backend\\services\\authService.js:509:17\n    at process.processTicksAndRejections (node:internal/process/task_queues:104:5)","route":"/api/v1/auth/verify-email","body":{"email":"ballbasa603@gmail.com","code":"329298"},"params":{},"correlationId":"0f1ac6ac-9458-4149-a3b1-fbb533aac136"}}
{"timestamp":"2026-08-19T07:32:06.527Z","level":"info","message":"HTTP Request","meta":{"method":"POST","url":"/api/v1/auth/verify-email","status":400,"duration":"466ms","ip":"::1","device":"PostmanRuntime/7.56.1","correlationId":"0f1ac6ac-9458-4149-a3b1-fbb533aac136"}}
{"timestamp":"2026-08-19T07:33:10.411Z","level":"info","message":"Protect: access attempt","meta":{"hasToken":true,"ip":"::1","device":"PostmanRuntime/7.56.1","correlationId":"792d15fe-a78b-45c4-9f79-9ef5316950b3"}}
{"timestamp":"2026-08-19T07:33:10.413Z","level":"info","message":"Protect: token verified","meta":{"userId":"6a6e8fd602c96e40fc310937","correlationId":"792d15fe-a78b-45c4-9f79-9ef5316950b3"}}
{"timestamp":"2026-08-19T07:33:44.380Z","level":"info","message":"Protect: access granted","meta":{"userId":"6a6e8fd602c96e40fc310937","role":"admin","correlationId":"792d15fe-a78b-45c4-9f79-9ef5316950b3"}}
{"timestamp":"2026-08-19T07:33:44.381Z","level":"info","message":"Authorization check","meta":{"userId":"6a6e8fd602c96e40fc310937","userRole":"admin","allowedRoles":["admin"],"correlationId":"792d15fe-a78b-45c4-9f79-9ef5316950b3"}}
{"timestamp":"2026-08-19T07:33:44.385Z","level":"info","message":"Authorization success","meta":{"userId":"6a6e8fd602c96e40fc310937","role":"admin","correlationId":"792d15fe-a78b-45c4-9f79-9ef5316950b3"}}
{"timestamp":"2026-08-19T07:33:44.736Z","level":"info","message":"HTTP Request","meta":{"method":"DELETE","url":"/api/v1/users/6a855bd3a5add29788074a33","status":200,"duration":"34324ms","userId":"6a6e8fd602c96e40fc310937","ip":"::1","device":"PostmanRuntime/7.56.1","correlationId":"792d15fe-a78b-45c4-9f79-9ef5316950b3"}}
{"timestamp":"2026-08-19T07:35:19.021Z","level":"error","message":"Unhandled Error","meta":{"message":"getaddrinfo ENOTFOUND ac-5zqnvyj-shard-00-00.hlooius.mongodb.net","stack":"MongoServerSelectionError: getaddrinfo ENOTFOUND ac-5zqnvyj-shard-00-00.hlooius.mongodb.net\n    at Topology.selectServer (C:\\Users\\Bashar\\Desktop\\TIC_Educational_Website\\backend\\node_modules\\mongodb\\lib\\sdam\\topology.js:327:38)\n    at async tryOperation (C:\\Users\\Bashar\\Desktop\\TIC_Educational_Website\\backend\\node_modules\\mongodb\\lib\\operations\\execute_operation.js:148:18)\n    at async executeOperation (C:\\Users\\Bashar\\Desktop\\TIC_Educational_Website\\backend\\node_modules\\mongodb\\lib\\operations\\execute_operation.js:78:16)\n    at async FindCursor._initialize (C:\\Users\\Bashar\\Desktop\\TIC_Educational_Website\\backend\\node_modules\\mongodb\\lib\\cursor\\find_cursor.js:62:26)\n    at async FindCursor.cursorInit (C:\\Users\\Bashar\\Desktop\\TIC_Educational_Website\\backend\\node_modules\\mongodb\\lib\\cursor\\abstract_cursor.js:632:27)\n    at async FindCursor.fetchBatch (C:\\Users\\Bashar\\Desktop\\TIC_Educational_Website\\backend\\node_modules\\mongodb\\lib\\cursor\\abstract_cursor.js:666:13)\n    at async FindCursor.next (C:\\Users\\Bashar\\Desktop\\TIC_Educational_Website\\backend\\node_modules\\mongodb\\lib\\cursor\\abstract_cursor.js:342:17)\n    at async Collection.findOne (C:\\Users\\Bashar\\Desktop\\TIC_Educational_Website\\backend\\node_modules\\mongodb\\lib\\collection.js:313:24)\n    at async model.Query._findOne (C:\\Users\\Bashar\\Desktop\\TIC_Educational_Website\\backend\\node_modules\\mongoose\\lib\\query.js:2710:15)\n    at async model.Query.exec (C:\\Users\\Bashar\\Desktop\\TIC_Educational_Website\\backend\\node_modules\\mongoose\\lib\\query.js:4627:63)","route":"/api/v1/auth/signup","body":{"name":"bashar Ballan,","email":"ayaybshty@gmail.com","password":"Pass123@456","confirmPassword":"Pass123@456","slug":"bashar-Ballan"},"params":{},"correlationId":"91534610-bdca-48c2-90aa-24d99b559f2a"}}
{"timestamp":"2026-08-19T07:35:19.060Z","level":"info","message":"HTTP Request","meta":{"method":"POST","url":"/api/v1/auth/signup","status":500,"duration":"30065ms","ip":"::1","device":"PostmanRuntime/7.56.1","correlationId":"91534610-bdca-48c2-90aa-24d99b559f2a"}}
{"timestamp":"2026-08-19T07:36:06.850Z","level":"error","message":"Unhandled Error","meta":{"message":"getaddrinfo ENOTFOUND ac-5zqnvyj-shard-00-00.hlooius.mongodb.net","stack":"MongoServerSelectionError: getaddrinfo ENOTFOUND ac-5zqnvyj-shard-00-00.hlooius.mongodb.net\n    at Topology.selectServer (C:\\Users\\Bashar\\Desktop\\TIC_Educational_Website\\backend\\node_modules\\mongodb\\lib\\sdam\\topology.js:327:38)\n    at async tryOperation (C:\\Users\\Bashar\\Desktop\\TIC_Educational_Website\\backend\\node_modules\\mongodb\\lib\\operations\\execute_operation.js:148:18)\n    at async executeOperation (C:\\Users\\Bashar\\Desktop\\TIC_Educational_Website\\backend\\node_modules\\mongodb\\lib\\operations\\execute_operation.js:78:16)\n    at async FindCursor._initialize (C:\\Users\\Bashar\\Desktop\\TIC_Educational_Website\\backend\\node_modules\\mongodb\\lib\\cursor\\find_cursor.js:62:26)\n    at async FindCursor.cursorInit (C:\\Users\\Bashar\\Desktop\\TIC_Educational_Website\\backend\\node_modules\\mongodb\\lib\\cursor\\abstract_cursor.js:632:27)\n    at async FindCursor.fetchBatch (C:\\Users\\Bashar\\Desktop\\TIC_Educational_Website\\backend\\node_modules\\mongodb\\lib\\cursor\\abstract_cursor.js:666:13)\n    at async FindCursor.next (C:\\Users\\Bashar\\Desktop\\TIC_Educational_Website\\backend\\node_modules\\mongodb\\lib\\cursor\\abstract_cursor.js:342:17)\n    at async Collection.findOne (C:\\Users\\Bashar\\Desktop\\TIC_Educational_Website\\backend\\node_modules\\mongodb\\lib\\collection.js:313:24)\n    at async model.Query._findOne (C:\\Users\\Bashar\\Desktop\\TIC_Educational_Website\\backend\\node_modules\\mongoose\\lib\\query.js:2710:15)\n    at async model.Query.exec (C:\\Users\\Bashar\\Desktop\\TIC_Educational_Website\\backend\\node_modules\\mongoose\\lib\\query.js:4627:63)","route":"/api/v1/auth/signup","body":{"name":"bashar Ballan,","email":"ayaybshty@gmail.com","password":"Pass123@456","confirmPassword":"Pass123@456","slug":"bashar-Ballan"},"params":{},"correlationId":"277ee89d-fe52-4f9a-9b41-26de57b189d3"}}
{"timestamp":"2026-08-19T07:36:06.867Z","level":"info","message":"HTTP Request","meta":{"method":"POST","url":"/api/v1/auth/signup","status":500,"duration":"30028ms","ip":"::1","device":"PostmanRuntime/7.56.1","correlationId":"277ee89d-fe52-4f9a-9b41-26de57b189d3"}}
{"timestamp":"2026-08-19T07:37:03.451Z","level":"info","message":"HTTP Request","meta":{"method":"POST","url":"/api/v1/auth/signup","status":201,"duration":"6175ms","ip":"::1","device":"PostmanRuntime/7.56.1","correlationId":"9c952e3f-294c-44e3-aed0-56e3e785b8bc"}}
{"timestamp":"2026-08-19T07:37:54.753Z","level":"info","message":"HTTP Request","meta":{"method":"POST","url":"/api/v1/auth/verify-email","status":200,"duration":"454ms","ip":"::1","device":"PostmanRuntime/7.56.1","correlationId":"b7d2c909-06d2-4230-aad1-b98e4d6b1ad5"}}
{"timestamp":"2026-08-19T07:38:05.486Z","level":"info","message":"HTTP Request","meta":{"method":"POST","url":"/api/v1/auth/complete-Profile","status":200,"duration":"900ms","ip":"::1","device":"PostmanRuntime/7.56.1","correlationId":"c60e79c1-9117-4197-ba01-1a354136b68a"}}
{"timestamp":"2026-08-19T07:38:26.035Z","level":"info","message":"Protect: access attempt","meta":{"hasToken":true,"ip":"::1","device":"PostmanRuntime/7.56.1","correlationId":"bb698e35-6b92-427f-b6ee-d6825df3de62"}}
{"timestamp":"2026-08-19T07:38:26.037Z","level":"info","message":"Protect: token verified","meta":{"userId":"6a6e8fd602c96e40fc310937","correlationId":"bb698e35-6b92-427f-b6ee-d6825df3de62"}}
{"timestamp":"2026-08-19T07:38:26.262Z","level":"info","message":"Protect: access granted","meta":{"userId":"6a6e8fd602c96e40fc310937","role":"admin","correlationId":"bb698e35-6b92-427f-b6ee-d6825df3de62"}}
{"timestamp":"2026-08-19T07:38:28.042Z","level":"error","message":"Unhandled Error","meta":{"message":"No recipients defined","stack":"Error: No recipients defined\n    at SMTPConnection._formatError (C:\\Users\\Bashar\\Desktop\\TIC_Educational_Website\\backend\\node_modules\\nodemailer\\lib\\smtp-connection\\index.js:809:19)\n    at SMTPConnection._setEnvelope (C:\\Users\\Bashar\\Desktop\\TIC_Educational_Website\\backend\\node_modules\\nodemailer\\lib\\smtp-connection\\index.js:1047:34)\n    at SMTPConnection.send (C:\\Users\\Bashar\\Desktop\\TIC_Educational_Website\\backend\\node_modules\\nodemailer\\lib\\smtp-connection\\index.js:631:14)\n    at sendMessage (C:\\Users\\Bashar\\Desktop\\TIC_Educational_Website\\backend\\node_modules\\nodemailer\\lib\\smtp-transport\\index.js:228:28)\n    at C:\\Users\\Bashar\\Desktop\\TIC_Educational_Website\\backend\\node_modules\\nodemailer\\lib\\smtp-transport\\index.js:286:25\n    at SMTPConnection._actionAUTHComplete (C:\\Users\\Bashar\\Desktop\\TIC_Educational_Website\\backend\\node_modules\\nodemailer\\lib\\smtp-connection\\index.js:1602:9)\n    at SMTPConnection.<anonymous> (C:\\Users\\Bashar\\Desktop\\TIC_Educational_Website\\backend\\node_modules\\nodemailer\\lib\\smtp-connection\\index.js:556:26)\n    at SMTPConnection._processResponse (C:\\Users\\Bashar\\Desktop\\TIC_Educational_Website\\backend\\node_modules\\nodemailer\\lib\\smtp-connection\\index.js:993:20)\n    at SMTPConnection._onData (C:\\Users\\Bashar\\Desktop\\TIC_Educational_Website\\backend\\node_modules\\nodemailer\\lib\\smtp-connection\\index.js:774:14)\n    at SMTPConnection._onSocketData (C:\\Users\\Bashar\\Desktop\\TIC_Educational_Website\\backend\\node_modules\\nodemailer\\lib\\smtp-connection\\index.js:195:44)","route":"/api/v1/auth/admin/approve-user/6a855d1ba5add29788074a3c","userId":"6a6e8fd602c96e40fc310937","body":{},"params":{},"correlationId":"bb698e35-6b92-427f-b6ee-d6825df3de62"}}
{"timestamp":"2026-08-19T07:38:28.049Z","level":"info","message":"HTTP Request","meta":{"method":"POST","url":"/api/v1/auth/admin/approve-user/6a855d1ba5add29788074a3c","status":500,"duration":"2012ms","userId":"6a6e8fd602c96e40fc310937","ip":"::1","device":"PostmanRuntime/7.56.1","correlationId":"bb698e35-6b92-427f-b6ee-d6825df3de62"}}
{"timestamp":"2026-08-19T07:40:12.216Z","level":"info","message":"⚡ Socket.IO initialized"}
{"timestamp":"2026-08-19T07:40:12.225Z","level":"info","message":"🚀 Server + Socket.IO running on port 8000"}
{"timestamp":"2026-08-19T07:40:19.983Z","level":"info","message":"⚡ Socket.IO initialized"}
{"timestamp":"2026-08-19T07:40:19.994Z","level":"info","message":"🚀 Server + Socket.IO running on port 8000"}
{"timestamp":"2026-08-19T07:40:27.501Z","level":"info","message":"📦 MongoDB connected successfully"}
{"timestamp":"2026-08-19T07:40:43.483Z","level":"info","message":"Protect: access attempt","meta":{"hasToken":true,"ip":"::1","device":"PostmanRuntime/7.56.1","correlationId":"9760859f-abe3-44c7-93cc-680f052b829d"}}
{"timestamp":"2026-08-19T07:40:43.491Z","level":"info","message":"Protect: token verified","meta":{"userId":"6a6e8fd602c96e40fc310937","correlationId":"9760859f-abe3-44c7-93cc-680f052b829d"}}
{"timestamp":"2026-08-19T07:40:43.818Z","level":"info","message":"Protect: access granted","meta":{"userId":"6a6e8fd602c96e40fc310937","role":"admin","correlationId":"9760859f-abe3-44c7-93cc-680f052b829d"}}
{"timestamp":"2026-08-19T07:40:44.049Z","level":"error","message":"Unhandled Error","meta":{"message":"User already approved","stack":"Error: User already approved\n    at C:\\Users\\Bashar\\Desktop\\TIC_Educational_Website\\backend\\services\\authService.js:626:17\n    at process.processTicksAndRejections (node:internal/process/task_queues:104:5)","route":"/api/v1/auth/admin/approve-user/6a855d1ba5add29788074a3c","userId":"6a6e8fd602c96e40fc310937","body":{},"params":{},"correlationId":"9760859f-abe3-44c7-93cc-680f052b829d"}}
{"timestamp":"2026-08-19T07:40:44.062Z","level":"info","message":"HTTP Request","meta":{"method":"POST","url":"/api/v1/auth/admin/approve-user/6a855d1ba5add29788074a3c","status":400,"duration":"584ms","userId":"6a6e8fd602c96e40fc310937","ip":"::1","device":"PostmanRuntime/7.56.1","correlationId":"9760859f-abe3-44c7-93cc-680f052b829d"}}
{"timestamp":"2026-08-19T07:41:09.439Z","level":"info","message":"Protect: access attempt","meta":{"hasToken":true,"ip":"::1","device":"PostmanRuntime/7.56.1","correlationId":"fa88b6a7-a730-47de-a7cf-eac99526a727"}}
{"timestamp":"2026-08-19T07:41:09.441Z","level":"info","message":"Protect: token verified","meta":{"userId":"6a6e8fd602c96e40fc310937","correlationId":"fa88b6a7-a730-47de-a7cf-eac99526a727"}}
{"timestamp":"2026-08-19T07:41:09.760Z","level":"info","message":"Protect: access granted","meta":{"userId":"6a6e8fd602c96e40fc310937","role":"admin","correlationId":"fa88b6a7-a730-47de-a7cf-eac99526a727"}}
{"timestamp":"2026-08-19T07:41:12.018Z","level":"error","message":"Unhandled Error","meta":{"message":"No recipients defined","stack":"Error: No recipients defined\n    at SMTPConnection._formatError (C:\\Users\\Bashar\\Desktop\\TIC_Educational_Website\\backend\\node_modules\\nodemailer\\lib\\smtp-connection\\index.js:809:19)\n    at SMTPConnection._setEnvelope (C:\\Users\\Bashar\\Desktop\\TIC_Educational_Website\\backend\\node_modules\\nodemailer\\lib\\smtp-connection\\index.js:1047:34)\n    at SMTPConnection.send (C:\\Users\\Bashar\\Desktop\\TIC_Educational_Website\\backend\\node_modules\\nodemailer\\lib\\smtp-connection\\index.js:631:14)\n    at sendMessage (C:\\Users\\Bashar\\Desktop\\TIC_Educational_Website\\backend\\node_modules\\nodemailer\\lib\\smtp-transport\\index.js:228:28)\n    at C:\\Users\\Bashar\\Desktop\\TIC_Educational_Website\\backend\\node_modules\\nodemailer\\lib\\smtp-transport\\index.js:286:25\n    at SMTPConnection._actionAUTHComplete (C:\\Users\\Bashar\\Desktop\\TIC_Educational_Website\\backend\\node_modules\\nodemailer\\lib\\smtp-connection\\index.js:1602:9)\n    at SMTPConnection.<anonymous> (C:\\Users\\Bashar\\Desktop\\TIC_Educational_Website\\backend\\node_modules\\nodemailer\\lib\\smtp-connection\\index.js:556:26)\n    at SMTPConnection._processResponse (C:\\Users\\Bashar\\Desktop\\TIC_Educational_Website\\backend\\node_modules\\nodemailer\\lib\\smtp-connection\\index.js:993:20)\n    at SMTPConnection._onData (C:\\Users\\Bashar\\Desktop\\TIC_Educational_Website\\backend\\node_modules\\nodemailer\\lib\\smtp-connection\\index.js:774:14)\n    at SMTPConnection._onSocketData (C:\\Users\\Bashar\\Desktop\\TIC_Educational_Website\\backend\\node_modules\\nodemailer\\lib\\smtp-connection\\index.js:195:44)","route":"/api/v1/auth/admin/reject-user/6a855d1ba5add29788074a3c","userId":"6a6e8fd602c96e40fc310937","body":{},"params":{},"correlationId":"fa88b6a7-a730-47de-a7cf-eac99526a727"}}
{"timestamp":"2026-08-19T07:41:12.054Z","level":"info","message":"HTTP Request","meta":{"method":"POST","url":"/api/v1/auth/admin/reject-user/6a855d1ba5add29788074a3c","status":500,"duration":"2607ms","userId":"6a6e8fd602c96e40fc310937","ip":"::1","device":"PostmanRuntime/7.56.1","correlationId":"fa88b6a7-a730-47de-a7cf-eac99526a727"}}
{"timestamp":"2026-08-19T07:42:53.270Z","level":"info","message":"Protect: access attempt","meta":{"hasToken":true,"ip":"::1","device":"PostmanRuntime/7.56.1","correlationId":"870c48ba-027a-4513-b8ec-c0b04944ade9"}}
{"timestamp":"2026-08-19T07:42:53.272Z","level":"warn","message":"Protect failed: invalid token","meta":{"error":"jwt expired","correlationId":"870c48ba-027a-4513-b8ec-c0b04944ade9"}}
{"timestamp":"2026-08-19T07:42:53.273Z","level":"error","message":"Unhandled Error","meta":{"message":"Incorrect email or password.","stack":"Error: Incorrect email or password.\n    at C:\\Users\\Bashar\\Desktop\\TIC_Educational_Website\\backend\\services\\authService.js:945:17\n    at asyncUtilWrap (C:\\Users\\Bashar\\Desktop\\TIC_Educational_Website\\backend\\node_modules\\express-async-handler\\index.js:3:20)\n    at Layer.handle [as handle_request] (C:\\Users\\Bashar\\Desktop\\TIC_Educational_Website\\backend\\node_modules\\express\\lib\\router\\layer.js:95:5)\n    at next (C:\\Users\\Bashar\\Desktop\\TIC_Educational_Website\\backend\\node_modules\\express\\lib\\router\\route.js:149:13)\n    at Route.dispatch (C:\\Users\\Bashar\\Desktop\\TIC_Educational_Website\\backend\\node_modules\\express\\lib\\router\\route.js:119:3)\n    at Layer.handle [as handle_request] (C:\\Users\\Bashar\\Desktop\\TIC_Educational_Website\\backend\\node_modules\\express\\lib\\router\\layer.js:95:5)\n    at C:\\Users\\Bashar\\Desktop\\TIC_Educational_Website\\backend\\node_modules\\express\\lib\\router\\index.js:284:15\n    at param (C:\\Users\\Bashar\\Desktop\\TIC_Educational_Website\\backend\\node_modules\\express\\lib\\router\\index.js:365:14)\n    at param (C:\\Users\\Bashar\\Desktop\\TIC_Educational_Website\\backend\\node_modules\\express\\lib\\router\\index.js:376:14)\n    at router.process_params (C:\\Users\\Bashar\\Desktop\\TIC_Educational_Website\\backend\\node_modules\\express\\lib\\router\\index.js:421:3)","route":"/api/v1/auth/admin/approve-user/6a855d1ba5add29788074a3c","body":{},"params":{},"correlationId":"870c48ba-027a-4513-b8ec-c0b04944ade9"}}
{"timestamp":"2026-08-19T07:42:53.276Z","level":"info","message":"HTTP Request","meta":{"method":"POST","url":"/api/v1/auth/admin/approve-user/6a855d1ba5add29788074a3c","status":401,"duration":"7ms","ip":"::1","device":"PostmanRuntime/7.56.1","correlationId":"870c48ba-027a-4513-b8ec-c0b04944ade9"}}
{"timestamp":"2026-08-19T07:43:10.531Z","level":"info","message":"Protect: access attempt","meta":{"hasToken":true,"ip":"::1","device":"PostmanRuntime/7.56.1","correlationId":"ceb99e4a-d8af-42b0-b86b-27dd79d70704"}}
{"timestamp":"2026-08-19T07:43:10.532Z","level":"warn","message":"Protect failed: invalid token","meta":{"error":"jwt expired","correlationId":"ceb99e4a-d8af-42b0-b86b-27dd79d70704"}}
{"timestamp":"2026-08-19T07:43:10.533Z","level":"error","message":"Unhandled Error","meta":{"message":"Incorrect email or password.","stack":"Error: Incorrect email or password.\n    at C:\\Users\\Bashar\\Desktop\\TIC_Educational_Website\\backend\\services\\authService.js:945:17\n    at asyncUtilWrap (C:\\Users\\Bashar\\Desktop\\TIC_Educational_Website\\backend\\node_modules\\express-async-handler\\index.js:3:20)\n    at Layer.handle [as handle_request] (C:\\Users\\Bashar\\Desktop\\TIC_Educational_Website\\backend\\node_modules\\express\\lib\\router\\layer.js:95:5)\n    at next (C:\\Users\\Bashar\\Desktop\\TIC_Educational_Website\\backend\\node_modules\\express\\lib\\router\\route.js:149:13)\n    at Route.dispatch (C:\\Users\\Bashar\\Desktop\\TIC_Educational_Website\\backend\\node_modules\\express\\lib\\router\\route.js:119:3)\n    at Layer.handle [as handle_request] (C:\\Users\\Bashar\\Desktop\\TIC_Educational_Website\\backend\\node_modules\\express\\lib\\router\\layer.js:95:5)\n    at C:\\Users\\Bashar\\Desktop\\TIC_Educational_Website\\backend\\node_modules\\express\\lib\\router\\index.js:284:15\n    at param (C:\\Users\\Bashar\\Desktop\\TIC_Educational_Website\\backend\\node_modules\\express\\lib\\router\\index.js:365:14)\n    at param (C:\\Users\\Bashar\\Desktop\\TIC_Educational_Website\\backend\\node_modules\\express\\lib\\router\\index.js:376:14)\n    at router.process_params (C:\\Users\\Bashar\\Desktop\\TIC_Educational_Website\\backend\\node_modules\\express\\lib\\router\\index.js:421:3)","route":"/api/v1/auth/admin/approve-user/6a855d1ba5add29788074a3c","body":{},"params":{},"correlationId":"ceb99e4a-d8af-42b0-b86b-27dd79d70704"}}
{"timestamp":"2026-08-19T07:43:10.540Z","level":"info","message":"HTTP Request","meta":{"method":"POST","url":"/api/v1/auth/admin/approve-user/6a855d1ba5add29788074a3c","status":401,"duration":"6ms","ip":"::1","device":"PostmanRuntime/7.56.1","correlationId":"ceb99e4a-d8af-42b0-b86b-27dd79d70704"}}
{"timestamp":"2026-08-19T07:43:20.147Z","level":"info","message":"Device check started","meta":{"userId":"6a6e8fd602c96e40fc310937","device":"PostmanRuntime/7.56.1","ip":"::1","correlationId":"388a0209-e39d-4685-977c-124b156831e0"}}
{"timestamp":"2026-08-19T07:43:20.375Z","level":"info","message":"Device recognized (no alert needed)","meta":{"userId":"6a6e8fd602c96e40fc310937","device":"PostmanRuntime/7.56.1","ip":"::1","correlationId":"388a0209-e39d-4685-977c-124b156831e0"}}
{"timestamp":"2026-08-19T07:43:20.379Z","level":"info","message":"HTTP Request","meta":{"method":"POST","url":"/api/v1/auth/adminLogin","status":200,"duration":"1692ms","ip":"::1","device":"PostmanRuntime/7.56.1","correlationId":"388a0209-e39d-4685-977c-124b156831e0"}}
{"timestamp":"2026-08-19T07:43:24.470Z","level":"info","message":"Protect: access attempt","meta":{"hasToken":true,"ip":"::1","device":"PostmanRuntime/7.56.1","correlationId":"672e0f63-556c-4bb4-82eb-a8d4b9c419cd"}}
{"timestamp":"2026-08-19T07:43:24.472Z","level":"info","message":"Protect: token verified","meta":{"userId":"6a6e8fd602c96e40fc310937","correlationId":"672e0f63-556c-4bb4-82eb-a8d4b9c419cd"}}
{"timestamp":"2026-08-19T07:43:24.698Z","level":"info","message":"Protect: access granted","meta":{"userId":"6a6e8fd602c96e40fc310937","role":"admin","correlationId":"672e0f63-556c-4bb4-82eb-a8d4b9c419cd"}}
{"timestamp":"2026-08-19T07:43:26.461Z","level":"error","message":"Unhandled Error","meta":{"message":"No recipients defined","stack":"Error: No recipients defined\n    at SMTPConnection._formatError (C:\\Users\\Bashar\\Desktop\\TIC_Educational_Website\\backend\\node_modules\\nodemailer\\lib\\smtp-connection\\index.js:809:19)\n    at SMTPConnection._setEnvelope (C:\\Users\\Bashar\\Desktop\\TIC_Educational_Website\\backend\\node_modules\\nodemailer\\lib\\smtp-connection\\index.js:1047:34)\n    at SMTPConnection.send (C:\\Users\\Bashar\\Desktop\\TIC_Educational_Website\\backend\\node_modules\\nodemailer\\lib\\smtp-connection\\index.js:631:14)\n    at sendMessage (C:\\Users\\Bashar\\Desktop\\TIC_Educational_Website\\backend\\node_modules\\nodemailer\\lib\\smtp-transport\\index.js:228:28)\n    at C:\\Users\\Bashar\\Desktop\\TIC_Educational_Website\\backend\\node_modules\\nodemailer\\lib\\smtp-transport\\index.js:286:25\n    at SMTPConnection._actionAUTHComplete (C:\\Users\\Bashar\\Desktop\\TIC_Educational_Website\\backend\\node_modules\\nodemailer\\lib\\smtp-connection\\index.js:1602:9)\n    at SMTPConnection.<anonymous> (C:\\Users\\Bashar\\Desktop\\TIC_Educational_Website\\backend\\node_modules\\nodemailer\\lib\\smtp-connection\\index.js:556:26)\n    at SMTPConnection._processResponse (C:\\Users\\Bashar\\Desktop\\TIC_Educational_Website\\backend\\node_modules\\nodemailer\\lib\\smtp-connection\\index.js:993:20)\n    at SMTPConnection._onData (C:\\Users\\Bashar\\Desktop\\TIC_Educational_Website\\backend\\node_modules\\nodemailer\\lib\\smtp-connection\\index.js:774:14)\n    at SMTPConnection._onSocketData (C:\\Users\\Bashar\\Desktop\\TIC_Educational_Website\\backend\\node_modules\\nodemailer\\lib\\smtp-connection\\index.js:195:44)","route":"/api/v1/auth/admin/approve-user/6a855d1ba5add29788074a3c","userId":"6a6e8fd602c96e40fc310937","body":{},"params":{},"correlationId":"672e0f63-556c-4bb4-82eb-a8d4b9c419cd"}}
{"timestamp":"2026-08-19T07:43:26.474Z","level":"info","message":"HTTP Request","meta":{"method":"POST","url":"/api/v1/auth/admin/approve-user/6a855d1ba5add29788074a3c","status":500,"duration":"2002ms","userId":"6a6e8fd602c96e40fc310937","ip":"::1","device":"PostmanRuntime/7.56.1","correlationId":"672e0f63-556c-4bb4-82eb-a8d4b9c419cd"}}
{"timestamp":"2026-08-19T07:45:38.553Z","level":"info","message":"⚡ Socket.IO initialized"}
{"timestamp":"2026-08-19T07:45:38.561Z","level":"info","message":"🚀 Server + Socket.IO running on port 8000"}
{"timestamp":"2026-08-19T07:45:41.109Z","level":"info","message":"📦 MongoDB connected successfully"}
{"timestamp":"2026-08-19T07:45:50.003Z","level":"info","message":"Protect: access attempt","meta":{"hasToken":true,"ip":"::1","device":"PostmanRuntime/7.56.1","correlationId":"b2375e88-52ed-4c48-b87c-8c17c15dc100"}}
{"timestamp":"2026-08-19T07:45:50.007Z","level":"info","message":"Protect: token verified","meta":{"userId":"6a6e8fd602c96e40fc310937","correlationId":"b2375e88-52ed-4c48-b87c-8c17c15dc100"}}
{"timestamp":"2026-08-19T07:45:50.280Z","level":"info","message":"Protect: access granted","meta":{"userId":"6a6e8fd602c96e40fc310937","role":"admin","correlationId":"b2375e88-52ed-4c48-b87c-8c17c15dc100"}}
{"timestamp":"2026-08-19T07:45:53.076Z","level":"info","message":"HTTP Request","meta":{"method":"POST","url":"/api/v1/auth/admin/reject-user/6a855d1ba5add29788074a3c","status":200,"duration":"3087ms","userId":"6a6e8fd602c96e40fc310937","ip":"::1","device":"PostmanRuntime/7.56.1","correlationId":"b2375e88-52ed-4c48-b87c-8c17c15dc100"}}
{"timestamp":"2026-08-19T07:46:36.857Z","level":"info","message":"Protect: access attempt","meta":{"hasToken":true,"ip":"::1","device":"PostmanRuntime/7.56.1","correlationId":"4b7d926b-c0e1-4dcb-a642-35cabea2947c"}}
{"timestamp":"2026-08-19T07:46:36.874Z","level":"info","message":"Protect: token verified","meta":{"userId":"6a6e8fd602c96e40fc310937","correlationId":"4b7d926b-c0e1-4dcb-a642-35cabea2947c"}}
{"timestamp":"2026-08-19T07:46:37.122Z","level":"info","message":"Protect: access granted","meta":{"userId":"6a6e8fd602c96e40fc310937","role":"admin","correlationId":"4b7d926b-c0e1-4dcb-a642-35cabea2947c"}}
{"timestamp":"2026-08-19T07:46:39.906Z","level":"info","message":"HTTP Request","meta":{"method":"POST","url":"/api/v1/auth/admin/approve-user/6a855d1ba5add29788074a3c","status":200,"duration":"3076ms","userId":"6a6e8fd602c96e40fc310937","ip":"::1","device":"PostmanRuntime/7.56.1","correlationId":"4b7d926b-c0e1-4dcb-a642-35cabea2947c"}}
{"timestamp":"2026-08-19T07:55:07.580Z","level":"info","message":"Protect: access attempt","meta":{"hasToken":true,"ip":"::1","device":"PostmanRuntime/7.56.1","correlationId":"0d061cf8-07f5-4335-8556-5105715e47bd"}}
{"timestamp":"2026-08-19T07:55:07.581Z","level":"info","message":"Protect: token verified","meta":{"userId":"6a6e8fd602c96e40fc310937","correlationId":"0d061cf8-07f5-4335-8556-5105715e47bd"}}
{"timestamp":"2026-08-19T07:55:07.865Z","level":"info","message":"Protect: access granted","meta":{"userId":"6a6e8fd602c96e40fc310937","role":"admin","correlationId":"0d061cf8-07f5-4335-8556-5105715e47bd"}}
{"timestamp":"2026-08-19T07:55:08.106Z","level":"error","message":"Unhandled Error","meta":{"message":"User already approved","stack":"Error: User already approved\n    at C:\\Users\\Bashar\\Desktop\\TIC_Educational_Website\\backend\\services\\authService.js:626:17\n    at process.processTicksAndRejections (node:internal/process/task_queues:104:5)","route":"/api/v1/auth/admin/approve-user/6a855d1ba5add29788074a3c","userId":"6a6e8fd602c96e40fc310937","body":{},"params":{},"correlationId":"0d061cf8-07f5-4335-8556-5105715e47bd"}}
{"timestamp":"2026-08-19T07:55:08.110Z","level":"info","message":"HTTP Request","meta":{"method":"POST","url":"/api/v1/auth/admin/approve-user/6a855d1ba5add29788074a3c","status":400,"duration":"528ms","userId":"6a6e8fd602c96e40fc310937","ip":"::1","device":"PostmanRuntime/7.56.1","correlationId":"0d061cf8-07f5-4335-8556-5105715e47bd"}}
{"timestamp":"2026-08-19T07:55:41.914Z","level":"info","message":"Login attempt","meta":{"email":"***MASKED***","ip":"::1","device":"PostmanRuntime/7.56.1","correlationId":"8b06e0d7-777e-4cb8-b086-3d6de6d43136"}}
{"timestamp":"2026-08-19T07:55:55.707Z","level":"info","message":"⚡ Socket.IO initialized"}
{"timestamp":"2026-08-19T07:55:55.718Z","level":"info","message":"🚀 Server + Socket.IO running on port 8000"}
{"timestamp":"2026-08-19T07:56:01.580Z","level":"info","message":"⚡ Socket.IO initialized"}
{"timestamp":"2026-08-19T07:56:01.590Z","level":"info","message":"🚀 Server + Socket.IO running on port 8000"}
{"timestamp":"2026-08-19T07:56:03.760Z","level":"info","message":"📦 MongoDB connected successfully"}
{"timestamp":"2026-08-19T07:56:10.141Z","level":"info","message":"Login attempt","meta":{"email":"***MASKED***","ip":"::1","device":"PostmanRuntime/7.56.1","correlationId":"a20ff39c-afdb-43a9-8961-f31ef6415c19"}}
{"timestamp":"2026-08-19T07:56:11.412Z","level":"info","message":"Session created","meta":{"userId":"6a855d1ba5add29788074a3c","sessionId":"6a85619b1c604687df31bfbd","ip":"::1","device":"PostmanRuntime/7.56.1","correlationId":"a20ff39c-afdb-43a9-8961-f31ef6415c19"}}
{"timestamp":"2026-08-19T07:56:11.416Z","level":"info","message":"Login successful","meta":{"userId":"6a855d1ba5add29788074a3c","ip":"::1","device":"PostmanRuntime/7.56.1","correlationId":"a20ff39c-afdb-43a9-8961-f31ef6415c19"}}
{"timestamp":"2026-08-19T07:56:11.474Z","level":"info","message":"HTTP Request","meta":{"method":"POST","url":"/api/v1/auth/login","status":200,"duration":"1366ms","ip":"::1","device":"PostmanRuntime/7.56.1","correlationId":"a20ff39c-afdb-43a9-8961-f31ef6415c19"}}
