{"timestamp":"2026-08-15T04:02:41.746Z","level":"info","message":"⚡ Socket.IO initialized"}
{"timestamp":"2026-08-15T04:02:41.754Z","level":"info","message":"🚀 Server + Socket.IO running on port 8000"}
{"timestamp":"2026-08-15T04:03:11.744Z","level":"error","message":"❌ DB connection error: Could not connect to any servers in your MongoDB Atlas cluster. One common reason is that you're trying to access the database from an IP that isn't whitelisted. Make sure your current IP address is on your Atlas cluster's IP whitelist: https://www.mongodb.com/docs/atlas/security-whitelist/"}
{"timestamp":"2026-08-15T06:04:28.766Z","level":"info","message":"⚡ Socket.IO initialized"}
{"timestamp":"2026-08-15T06:04:28.780Z","level":"info","message":"🚀 Server + Socket.IO running on port 8000"}
{"timestamp":"2026-08-15T06:04:32.581Z","level":"info","message":"⚡ Socket.IO initialized"}
{"timestamp":"2026-08-15T06:04:32.588Z","level":"info","message":"🚀 Server + Socket.IO running on port 8000"}
{"timestamp":"2026-08-15T06:04:34.919Z","level":"info","message":"📦 MongoDB connected successfully"}
{"timestamp":"2026-08-15T06:18:28.997Z","level":"info","message":"⚡ Socket.IO initialized"}
{"timestamp":"2026-08-15T06:18:29.005Z","level":"info","message":"🚀 Server + Socket.IO running on port 8000"}
{"timestamp":"2026-08-15T06:18:31.865Z","level":"info","message":"📦 MongoDB connected successfully"}
{"timestamp":"2026-08-15T06:25:20.605Z","level":"info","message":"⚡ Socket.IO initialized"}
{"timestamp":"2026-08-15T06:25:20.619Z","level":"info","message":"🚀 Server + Socket.IO running on port 8000"}
{"timestamp":"2026-08-15T06:25:27.170Z","level":"info","message":"📦 MongoDB connected successfully"}
{"timestamp":"2026-08-15T06:26:16.263Z","level":"info","message":"⚡ Socket.IO initialized"}
{"timestamp":"2026-08-15T06:26:16.280Z","level":"info","message":"🚀 Server + Socket.IO running on port 8000"}
{"timestamp":"2026-08-15T06:26:19.377Z","level":"info","message":"📦 MongoDB connected successfully"}
{"timestamp":"2026-08-15T06:26:45.214Z","level":"error","message":"Unhandled Error","meta":{"message":"All fields are required","stack":"Error: All fields are required\n    at C:\\Users\\Bashar\\Desktop\\TIC_Educational_Website\\backend\\services\\authService.js:329:17\n    at asyncUtilWrap (C:\\Users\\Bashar\\Desktop\\TIC_Educational_Website\\backend\\node_modules\\express-async-handler\\index.js:3:20)\n    at Layer.handle [as handle_request] (C:\\Users\\Bashar\\Desktop\\TIC_Educational_Website\\backend\\node_modules\\express\\lib\\router\\layer.js:95:5)\n    at next (C:\\Users\\Bashar\\Desktop\\TIC_Educational_Website\\backend\\node_modules\\express\\lib\\router\\route.js:149:13)\n    at validatorMiddleware (C:\\Users\\Bashar\\Desktop\\TIC_Educational_Website\\backend\\middlewares\\validatorMiddleware.js:11:3)\n    at Layer.handle [as handle_request] (C:\\Users\\Bashar\\Desktop\\TIC_Educational_Website\\backend\\node_modules\\express\\lib\\router\\layer.js:95:5)\n    at next (C:\\Users\\Bashar\\Desktop\\TIC_Educational_Website\\backend\\node_modules\\express\\lib\\router\\route.js:149:13)\n    at middleware (C:\\Users\\Bashar\\Desktop\\TIC_Educational_Website\\backend\\node_modules\\express-validator\\lib\\middlewares\\check.js:16:13)\n    at process.processTicksAndRejections (node:internal/process/task_queues:104:5)","route":"/api/v1/auth/signup","body":{"name":"bashar Ballan,","email":"balan3078@gmail.com","password":"Pass123@456","passwordConfirm":"Pass123@456","slug":"bashar-Ballan"},"params":{},"correlationId":"e179f0fe-4169-4640-8d47-d0982efbc04e"}}
{"timestamp":"2026-08-15T06:26:45.342Z","level":"info","message":"HTTP Request","meta":{"method":"POST","url":"/api/v1/auth/signup","status":400,"duration":"119ms","ip":"::1","device":"PostmanRuntime/7.56.0","correlationId":"e179f0fe-4169-4640-8d47-d0982efbc04e"}}
{"timestamp":"2026-08-15T06:26:57.302Z","level":"info","message":"⚡ Socket.IO initialized"}
{"timestamp":"2026-08-15T06:26:57.317Z","level":"info","message":"🚀 Server + Socket.IO running on port 8000"}
{"timestamp":"2026-08-15T06:27:00.087Z","level":"info","message":"📦 MongoDB connected successfully"}
{"timestamp":"2026-08-15T06:27:31.044Z","level":"info","message":"HTTP Request","meta":{"method":"POST","url":"/api/v1/auth/signup","status":400,"duration":"50ms","ip":"::1","device":"PostmanRuntime/7.56.0","correlationId":"b9ad127e-69fd-464c-b9db-9d02c431bec3"}}
{"timestamp":"2026-08-15T06:31:14.058Z","level":"info","message":"⚡ Socket.IO initialized"}
{"timestamp":"2026-08-15T06:31:14.076Z","level":"info","message":"🚀 Server + Socket.IO running on port 8000"}
{"timestamp":"2026-08-15T06:31:18.272Z","level":"info","message":"📦 MongoDB connected successfully"}
{"timestamp":"2026-08-15T06:31:21.075Z","level":"info","message":"HTTP Request","meta":{"method":"POST","url":"/api/v1/auth/signup","status":400,"duration":"30ms","ip":"::1","device":"PostmanRuntime/7.56.0","correlationId":"024e167b-ed25-4a0b-bda8-dd1bda36d39d"}}
{"timestamp":"2026-08-15T06:31:59.902Z","level":"info","message":"⚡ Socket.IO initialized"}
{"timestamp":"2026-08-15T06:31:59.911Z","level":"info","message":"🚀 Server + Socket.IO running on port 8000"}
{"timestamp":"2026-08-15T06:32:01.925Z","level":"info","message":"📦 MongoDB connected successfully"}
{"timestamp":"2026-08-15T06:32:22.124Z","level":"error","message":"Unhandled Error","meta":{"message":"Email already in use","stack":"Error: Email already in use\n    at C:\\Users\\Bashar\\Desktop\\TIC_Educational_Website\\backend\\services\\authService.js:341:17\n    at process.processTicksAndRejections (node:internal/process/task_queues:104:5)","route":"/api/v1/auth/signup","body":{"name":"bashar Ballan,","email":"balan3078@gmail.com","password":"Pass123@456","confirmPassword":"Pass123@456","slug":"bashar-Ballan"},"params":{},"correlationId":"fdc9477e-562e-4c05-94a8-146ae65a1103"}}
{"timestamp":"2026-08-15T06:32:22.133Z","level":"info","message":"HTTP Request","meta":{"method":"POST","url":"/api/v1/auth/signup","status":400,"duration":"477ms","ip":"::1","device":"PostmanRuntime/7.56.0","correlationId":"fdc9477e-562e-4c05-94a8-146ae65a1103"}}
{"timestamp":"2026-08-15T06:33:01.143Z","level":"info","message":"HTTP Request","meta":{"method":"POST","url":"/api/v1/auth/signup","status":201,"duration":"6159ms","ip":"::1","device":"PostmanRuntime/7.56.0","correlationId":"afcc08f3-9714-442a-aa46-34e87fe55371"}}
{"timestamp":"2026-08-15T07:59:50.906Z","level":"info","message":"⚡ Socket.IO initialized"}
{"timestamp":"2026-08-15T07:59:50.916Z","level":"info","message":"🚀 Server + Socket.IO running on port 8000"}
{"timestamp":"2026-08-15T07:59:56.016Z","level":"info","message":"⚡ Socket.IO initialized"}
{"timestamp":"2026-08-15T07:59:56.031Z","level":"info","message":"🚀 Server + Socket.IO running on port 8000"}
{"timestamp":"2026-08-15T08:00:00.687Z","level":"info","message":"📦 MongoDB connected successfully"}
{"timestamp":"2026-08-15T08:10:21.967Z","level":"info","message":"⚡ Socket.IO initialized"}
{"timestamp":"2026-08-15T08:10:21.981Z","level":"info","message":"🚀 Server + Socket.IO running on port 8000"}
{"timestamp":"2026-08-15T08:10:25.856Z","level":"info","message":"📦 MongoDB connected successfully"}
{"timestamp":"2026-08-15T08:12:41.830Z","level":"info","message":"⚡ Socket.IO initialized"}
{"timestamp":"2026-08-15T08:12:41.840Z","level":"info","message":"🚀 Server + Socket.IO running on port 8000"}
{"timestamp":"2026-08-15T08:12:48.033Z","level":"info","message":"📦 MongoDB connected successfully"}
{"timestamp":"2026-08-15T08:12:55.034Z","level":"info","message":"⚡ Socket.IO initialized"}
{"timestamp":"2026-08-15T08:12:55.045Z","level":"info","message":"🚀 Server + Socket.IO running on port 8000"}
{"timestamp":"2026-08-15T08:13:00.260Z","level":"info","message":"📦 MongoDB connected successfully"}
{"timestamp":"2026-08-15T08:13:04.620Z","level":"error","message":"Unhandled Error","meta":{"message":"Email already in use","stack":"Error: Email already in use\n    at C:\\Users\\Bashar\\Desktop\\TIC_Educational_Website\\backend\\services\\authService.js:341:17\n    at process.processTicksAndRejections (node:internal/process/task_queues:104:5)","route":"/api/v1/auth/signup","body":{"name":"bashar Ballan,","email":"ayaybshty@gmail.com","password":"Pass123@456","confirmPassword":"Pass123@456","slug":"bashar-Ballan"},"params":{},"correlationId":"1629d44d-7cce-488d-8a63-ba9e350e8e2c"}}
{"timestamp":"2026-08-15T08:13:04.631Z","level":"info","message":"HTTP Request","meta":{"method":"POST","url":"/api/v1/auth/signup","status":400,"duration":"629ms","ip":"::1","device":"PostmanRuntime/7.56.0","correlationId":"1629d44d-7cce-488d-8a63-ba9e350e8e2c"}}
{"timestamp":"2026-08-15T08:23:47.849Z","level":"info","message":"HTTP Request","meta":{"method":"POST","url":"/api/v1/auth/signup","status":201,"duration":"4411ms","ip":"::1","device":"PostmanRuntime/7.56.0","correlationId":"0b94216b-5727-4d22-b27e-577a0badf837"}}
{"timestamp":"2026-08-15T08:25:48.457Z","level":"info","message":"HTTP Request","meta":{"method":"POST","url":"/api/v1/auth/signup","status":201,"duration":"2774ms","ip":"::1","device":"PostmanRuntime/7.56.0","correlationId":"bdd5b4d2-3182-4e33-940d-f9575bd79a86"}}
{"timestamp":"2026-08-15T08:28:24.747Z","level":"error","message":"Unhandled Error","meta":{"message":"Email and verification code are required","stack":"Error: Email and verification code are required\n    at C:\\Users\\Bashar\\Desktop\\TIC_Educational_Website\\backend\\services\\authService.js:436:17\n    at asyncUtilWrap (C:\\Users\\Bashar\\Desktop\\TIC_Educational_Website\\backend\\node_modules\\express-async-handler\\index.js:3:20)\n    at Layer.handle [as handle_request] (C:\\Users\\Bashar\\Desktop\\TIC_Educational_Website\\backend\\node_modules\\express\\lib\\router\\layer.js:95:5)\n    at next (C:\\Users\\Bashar\\Desktop\\TIC_Educational_Website\\backend\\node_modules\\express\\lib\\router\\route.js:149:13)\n    at Route.dispatch (C:\\Users\\Bashar\\Desktop\\TIC_Educational_Website\\backend\\node_modules\\express\\lib\\router\\route.js:119:3)\n    at Layer.handle [as handle_request] (C:\\Users\\Bashar\\Desktop\\TIC_Educational_Website\\backend\\node_modules\\express\\lib\\router\\layer.js:95:5)\n    at C:\\Users\\Bashar\\Desktop\\TIC_Educational_Website\\backend\\node_modules\\express\\lib\\router\\index.js:284:15\n    at router.process_params (C:\\Users\\Bashar\\Desktop\\TIC_Educational_Website\\backend\\node_modules\\express\\lib\\router\\index.js:346:12)\n    at next (C:\\Users\\Bashar\\Desktop\\TIC_Educational_Website\\backend\\node_modules\\express\\lib\\router\\index.js:280:10)\n    at router.handle (C:\\Users\\Bashar\\Desktop\\TIC_Educational_Website\\backend\\node_modules\\express\\lib\\router\\index.js:175:3)","route":"/api/v1/auth/verify-email","body":{},"params":{},"correlationId":"0cfd8f03-b946-424b-8ec1-f7f19ee927cc"}}
{"timestamp":"2026-08-15T08:28:24.770Z","level":"info","message":"HTTP Request","meta":{"method":"POST","url":"/api/v1/auth/verify-email","status":400,"duration":"25ms","ip":"::1","device":"PostmanRuntime/7.56.0","correlationId":"0cfd8f03-b946-424b-8ec1-f7f19ee927cc"}}
{"timestamp":"2026-08-15T08:29:01.932Z","level":"info","message":"HTTP Request","meta":{"method":"POST","url":"/api/v1/auth/verify-email","status":200,"duration":"473ms","ip":"::1","device":"PostmanRuntime/7.56.0","correlationId":"afda3298-ee75-40e1-ab0c-bb66db4eb964"}}
{"timestamp":"2026-08-15T08:46:25.594Z","level":"info","message":"⚡ Socket.IO initialized"}
{"timestamp":"2026-08-15T08:46:25.602Z","level":"info","message":"🚀 Server + Socket.IO running on port 8000"}
{"timestamp":"2026-08-15T08:46:32.909Z","level":"info","message":"📦 MongoDB connected successfully"}
