{"timestamp":"2026-03-26T10:57:30.813Z","level":"info","message":"Login attempt","meta":{"email":"***MASKED***","ip":"::1","device":"PostmanRuntime/7.52.0","correlationId":"fe55cf65-ddd2-480a-9d0d-a61afc65d7e4"}}
{"timestamp":"2026-03-26T10:57:42.414Z","level":"info","message":"Login attempt","meta":{"email":"***MASKED***","ip":"::1","device":"PostmanRuntime/7.52.0","correlationId":"fe8863b8-1b67-4160-9343-0f8a897e99f6"}}
{"timestamp":"2026-03-26T10:57:48.712Z","level":"info","message":"Checking for new device","meta":{"userId":"6996fd6d92995a73299ccab2","device":"PostmanRuntime/7.52.0","ip":"57.129.1.197","correlationId":"fe8863b8-1b67-4160-9343-0f8a897e99f6"}}
{"timestamp":"2026-03-26T10:57:48.717Z","level":"error","message":"Unhandled Error","meta":{"message":"Cannot read properties of undefined (reading 'correlationId')","stack":"TypeError: Cannot read properties of undefined (reading 'correlationId')\n    at checkNewDeviceAndSendAlert (C:\\Users\\Bashar\\Desktop\\TIC_Educational_Website\\services\\authService.js:197:28)\n    at C:\\Users\\Bashar\\Desktop\\TIC_Educational_Website\\services\\authService.js:334:9\n    at process.processTicksAndRejections (node:internal/process/task_queues:105:5)","route":"/api/v1/auth/login","body":{"email":"basharbalan99@gmail.com","password":"Bashar1234@4321"},"params":{},"correlationId":"fe8863b8-1b67-4160-9343-0f8a897e99f6"}}
{"timestamp":"2026-03-26T10:57:48.727Z","level":"info","message":"HTTP Request","meta":{"method":"POST","url":"/api/v1/auth/login","status":500,"duration":"6338ms","ip":"::1","device":"PostmanRuntime/7.52.0","correlationId":"fe8863b8-1b67-4160-9343-0f8a897e99f6"}}
{"timestamp":"2026-03-26T10:59:37.984Z","level":"info","message":"Login attempt","meta":{"email":"***MASKED***","ip":"::1","device":"PostmanRuntime/7.52.0","correlationId":"7985b1e4-bd9a-4b6e-947b-e230afbc8228"}}
{"timestamp":"2026-03-26T10:59:44.688Z","level":"info","message":"Checking for new device","meta":{"userId":"6996fd6d92995a73299ccab2","device":"PostmanRuntime/7.52.0","ip":"57.129.1.197","correlationId":"7985b1e4-bd9a-4b6e-947b-e230afbc8228"}}
{"timestamp":"2026-03-26T10:59:44.691Z","level":"error","message":"Unhandled Error","meta":{"message":"Cannot read properties of undefined (reading 'correlationId')","stack":"TypeError: Cannot read properties of undefined (reading 'correlationId')\n    at checkNewDeviceAndSendAlert (C:\\Users\\Bashar\\Desktop\\TIC_Educational_Website\\services\\authService.js:197:28)\n    at C:\\Users\\Bashar\\Desktop\\TIC_Educational_Website\\services\\authService.js:334:9\n    at process.processTicksAndRejections (node:internal/process/task_queues:105:5)","route":"/api/v1/auth/login","body":{"email":"basharbalan99@gmail.com","password":"Bashar1234@4321"},"params":{},"correlationId":"7985b1e4-bd9a-4b6e-947b-e230afbc8228"}}
{"timestamp":"2026-03-26T10:59:44.694Z","level":"info","message":"HTTP Request","meta":{"method":"POST","url":"/api/v1/auth/login","status":500,"duration":"6715ms","ip":"::1","device":"PostmanRuntime/7.52.0","correlationId":"7985b1e4-bd9a-4b6e-947b-e230afbc8228"}}
{"timestamp":"2026-03-26T11:08:04.183Z","level":"info","message":"Login attempt","meta":{"email":"***MASKED***","ip":"::1","device":"PostmanRuntime/7.52.0","correlationId":"6890e6fc-8ad9-47f0-b73f-fd603e58834b"}}
{"timestamp":"2026-03-26T11:08:09.072Z","level":"info","message":"Checking for new device","meta":{"userId":"6996fd6d92995a73299ccab2","device":"PostmanRuntime/7.52.0","ip":"57.129.1.197","correlationId":"6890e6fc-8ad9-47f0-b73f-fd603e58834b"}}
{"timestamp":"2026-03-26T11:08:09.076Z","level":"info","message":"Device check started","meta":{"userId":"6996fd6d92995a73299ccab2","device":"PostmanRuntime/7.52.0","ip":"57.129.1.197","correlationId":"6890e6fc-8ad9-47f0-b73f-fd603e58834b"}}
{"timestamp":"2026-03-26T11:08:09.339Z","level":"warn","message":"New device detected","meta":{"userId":"6996fd6d92995a73299ccab2","device":"PostmanRuntime/7.52.0","ip":"57.129.1.197","correlationId":"6890e6fc-8ad9-47f0-b73f-fd603e58834b"}}
{"timestamp":"2026-03-26T11:08:11.316Z","level":"info","message":"Session created","meta":{"userId":"6996fd6d92995a73299ccab2","sessionId":"69c5139bec56224f5ff67494","ip":"57.129.1.197","device":"PostmanRuntime/7.52.0","correlationId":"6890e6fc-8ad9-47f0-b73f-fd603e58834b"}}
{"timestamp":"2026-03-26T11:08:11.320Z","level":"info","message":"Login successful","meta":{"userId":"6996fd6d92995a73299ccab2","ip":"57.129.1.197","device":"PostmanRuntime/7.52.0","correlationId":"6890e6fc-8ad9-47f0-b73f-fd603e58834b"}}
{"timestamp":"2026-03-26T11:08:11.334Z","level":"info","message":"HTTP Request","meta":{"method":"POST","url":"/api/v1/auth/login","status":200,"duration":"7173ms","ip":"::1","device":"PostmanRuntime/7.52.0","correlationId":"6890e6fc-8ad9-47f0-b73f-fd603e58834b"}}
{"timestamp":"2026-03-26T11:09:33.612Z","level":"error","message":"Device alert email failed","meta":{"userId":"6996fd6d92995a73299ccab2","error":"Client network socket disconnected before secure TLS connection was established","correlationId":"6890e6fc-8ad9-47f0-b73f-fd603e58834b"}}
{"timestamp":"2026-03-26T11:14:07.689Z","level":"info","message":"Login attempt","meta":{"email":"***MASKED***","ip":"::1","device":"PostmanRuntime/7.52.0","correlationId":"9cf41fe0-1c53-43a1-bc8c-fc609647ff04"}}
{"timestamp":"2026-03-26T11:14:10.791Z","level":"info","message":"Device check started","meta":{"userId":"6996fd6d92995a73299ccab2","device":"PostmanRuntime/7.52.0","ip":"57.129.1.197","correlationId":"9cf41fe0-1c53-43a1-bc8c-fc609647ff04"}}
{"timestamp":"2026-03-26T11:14:11.106Z","level":"info","message":"Device recognized (no alert needed)","meta":{"userId":"6996fd6d92995a73299ccab2","device":"PostmanRuntime/7.52.0","ip":"57.129.1.197","correlationId":"9cf41fe0-1c53-43a1-bc8c-fc609647ff04"}}
{"timestamp":"2026-03-26T11:14:12.653Z","level":"info","message":"Session created","meta":{"userId":"6996fd6d92995a73299ccab2","sessionId":"69c51503989dbe85ed223aa0","ip":"57.129.1.197","device":"PostmanRuntime/7.52.0","correlationId":"9cf41fe0-1c53-43a1-bc8c-fc609647ff04"}}
{"timestamp":"2026-03-26T11:14:12.657Z","level":"info","message":"Login successful","meta":{"userId":"6996fd6d92995a73299ccab2","ip":"57.129.1.197","device":"PostmanRuntime/7.52.0","correlationId":"9cf41fe0-1c53-43a1-bc8c-fc609647ff04"}}
{"timestamp":"2026-03-26T11:14:12.664Z","level":"info","message":"HTTP Request","meta":{"method":"POST","url":"/api/v1/auth/login","status":200,"duration":"4999ms","ip":"::1","device":"PostmanRuntime/7.52.0","correlationId":"9cf41fe0-1c53-43a1-bc8c-fc609647ff04"}}
{"timestamp":"2026-03-26T11:25:25.070Z","level":"info","message":"Login attempt","meta":{"email":"***MASKED***","ip":"::1","device":"PostmanRuntime/7.52.0","correlationId":"b135db77-f3d7-4667-bc08-a1e6f655d45b"}}
{"timestamp":"2026-03-26T11:25:25.841Z","level":"info","message":"Device check started","meta":{"userId":"6996fd6d92995a73299ccab2","device":"PostmanRuntime/7.52.0","ip":"::1","correlationId":"b135db77-f3d7-4667-bc08-a1e6f655d45b"}}
{"timestamp":"2026-03-26T11:25:25.892Z","level":"info","message":"Session created","meta":{"userId":"6996fd6d92995a73299ccab2","ip":"::1","device":"PostmanRuntime/7.52.0","correlationId":"b135db77-f3d7-4667-bc08-a1e6f655d45b"}}
{"timestamp":"2026-03-26T11:25:25.896Z","level":"info","message":"Login successful","meta":{"userId":"6996fd6d92995a73299ccab2","ip":"::1","device":"PostmanRuntime/7.52.0","correlationId":"b135db77-f3d7-4667-bc08-a1e6f655d45b"}}
{"timestamp":"2026-03-26T11:25:25.917Z","level":"info","message":"HTTP Request","meta":{"method":"POST","url":"/api/v1/auth/login","status":200,"duration":"869ms","ip":"::1","device":"PostmanRuntime/7.52.0","correlationId":"b135db77-f3d7-4667-bc08-a1e6f655d45b"}}
{"timestamp":"2026-03-26T11:25:26.243Z","level":"warn","message":"New device detected","meta":{"userId":"6996fd6d92995a73299ccab2","device":"PostmanRuntime/7.52.0","ip":"::1","correlationId":"b135db77-f3d7-4667-bc08-a1e6f655d45b"}}
{"timestamp":"2026-03-26T11:26:50.522Z","level":"error","message":"Device alert email failed","meta":{"userId":"6996fd6d92995a73299ccab2","error":"Client network socket disconnected before secure TLS connection was established","correlationId":"b135db77-f3d7-4667-bc08-a1e6f655d45b"}}
{"timestamp":"2026-03-26T11:27:49.778Z","level":"info","message":"Refresh token attempt","meta":{"hasToken":true,"ip":"::1","device":"PostmanRuntime/7.52.0","correlationId":"9e5a97d2-4933-4da0-8ffe-92801d730c35"}}
{"timestamp":"2026-03-26T11:27:49.788Z","level":"info","message":"Refresh: refresh token verified","meta":{"userId":"6996fd6d92995a73299ccab2","correlationId":"9e5a97d2-4933-4da0-8ffe-92801d730c35"}}
{"timestamp":"2026-03-26T11:27:51.004Z","level":"info","message":"Refresh: old session deleted","meta":{"userId":"6996fd6d92995a73299ccab2","sessionId":"69bcf83fbe54b17c22ff0944","correlationId":"9e5a97d2-4933-4da0-8ffe-92801d730c35"}}
{"timestamp":"2026-03-26T11:27:51.012Z","level":"info","message":"Creating new session","meta":{"userId":"6996fd6d92995a73299ccab2","device":"PostmanRuntime/7.52.0","ip":"::1","correlationId":"9e5a97d2-4933-4da0-8ffe-92801d730c35"}}
{"timestamp":"2026-03-26T11:27:51.886Z","level":"info","message":"Session created successfully","meta":{"userId":"6996fd6d92995a73299ccab2","sessionId":"69c51837bcc2d40baaeb5964","correlationId":"9e5a97d2-4933-4da0-8ffe-92801d730c35"}}
{"timestamp":"2026-03-26T11:27:51.887Z","level":"info","message":"Refresh: new session created","meta":{"userId":"6996fd6d92995a73299ccab2","sessionId":"69c51837bcc2d40baaeb5964","correlationId":"9e5a97d2-4933-4da0-8ffe-92801d730c35"}}
{"timestamp":"2026-03-26T11:27:51.889Z","level":"info","message":"Refresh token successful","meta":{"userId":"6996fd6d92995a73299ccab2","correlationId":"9e5a97d2-4933-4da0-8ffe-92801d730c35"}}
{"timestamp":"2026-03-26T11:27:51.891Z","level":"info","message":"HTTP Request","meta":{"method":"POST","url":"/api/v1/auth/refresh","status":200,"duration":"2115ms","ip":"::1","device":"PostmanRuntime/7.52.0","correlationId":"9e5a97d2-4933-4da0-8ffe-92801d730c35"}}
{"timestamp":"2026-03-26T11:31:36.420Z","level":"info","message":"Refresh token attempt","meta":{"hasToken":true,"ip":"::1","device":"PostmanRuntime/7.52.0","correlationId":"8c488f0d-3f72-4fa6-90ee-6c65c3b79f70"}}
{"timestamp":"2026-03-26T11:31:36.427Z","level":"info","message":"Refresh: refresh token verified","meta":{"userId":"6996fd6d92995a73299ccab2","correlationId":"8c488f0d-3f72-4fa6-90ee-6c65c3b79f70"}}
{"timestamp":"2026-03-26T11:31:36.966Z","level":"warn","message":"Refresh failed: session not found (token misuse)","meta":{"userId":"6996fd6d92995a73299ccab2","correlationId":"8c488f0d-3f72-4fa6-90ee-6c65c3b79f70"}}
{"timestamp":"2026-03-26T11:31:36.969Z","level":"error","message":"Unhandled Error","meta":{"message":"You are not logged in, please login.","stack":"Error: You are not logged in, please login.\n    at C:\\Users\\Bashar\\Desktop\\TIC_Educational_Website\\services\\authService.js:659:17\n    at process.processTicksAndRejections (node:internal/process/task_queues:105:5)","route":"/api/v1/auth/refresh","body":{},"params":{},"correlationId":"8c488f0d-3f72-4fa6-90ee-6c65c3b79f70"}}
{"timestamp":"2026-03-26T11:31:36.980Z","level":"info","message":"HTTP Request","meta":{"method":"POST","url":"/api/v1/auth/refresh","status":401,"duration":"564ms","ip":"::1","device":"PostmanRuntime/7.52.0","correlationId":"8c488f0d-3f72-4fa6-90ee-6c65c3b79f70"}}
{"timestamp":"2026-03-26T11:32:17.189Z","level":"info","message":"Login attempt","meta":{"email":"***MASKED***","ip":"::1","device":"PostmanRuntime/7.52.0","correlationId":"a476c53f-3f9a-442a-9f84-32ee1bf7b4b4"}}
{"timestamp":"2026-03-26T11:32:18.178Z","level":"info","message":"Device check started","meta":{"userId":"6996fd6d92995a73299ccab2","device":"PostmanRuntime/7.52.0","ip":"::1","correlationId":"a476c53f-3f9a-442a-9f84-32ee1bf7b4b4"}}
{"timestamp":"2026-03-26T11:32:18.267Z","level":"info","message":"Session created","meta":{"userId":"6996fd6d92995a73299ccab2","ip":"::1","device":"PostmanRuntime/7.52.0","correlationId":"a476c53f-3f9a-442a-9f84-32ee1bf7b4b4"}}
{"timestamp":"2026-03-26T11:32:18.276Z","level":"info","message":"Login successful","meta":{"userId":"6996fd6d92995a73299ccab2","ip":"::1","device":"PostmanRuntime/7.52.0","correlationId":"a476c53f-3f9a-442a-9f84-32ee1bf7b4b4"}}
{"timestamp":"2026-03-26T11:32:18.293Z","level":"info","message":"HTTP Request","meta":{"method":"POST","url":"/api/v1/auth/login","status":200,"duration":"1114ms","ip":"::1","device":"PostmanRuntime/7.52.0","correlationId":"a476c53f-3f9a-442a-9f84-32ee1bf7b4b4"}}
{"timestamp":"2026-03-26T11:32:18.627Z","level":"info","message":"Device recognized (no alert needed)","meta":{"userId":"6996fd6d92995a73299ccab2","device":"PostmanRuntime/7.52.0","ip":"::1","correlationId":"a476c53f-3f9a-442a-9f84-32ee1bf7b4b4"}}
{"timestamp":"2026-03-26T11:32:26.181Z","level":"info","message":"Refresh token attempt","meta":{"hasToken":true,"ip":"::1","device":"PostmanRuntime/7.52.0","correlationId":"f8d3d4e9-adf0-4fda-907c-f60e6cab8433"}}
{"timestamp":"2026-03-26T11:32:26.184Z","level":"info","message":"Refresh: refresh token verified","meta":{"userId":"6996fd6d92995a73299ccab2","correlationId":"f8d3d4e9-adf0-4fda-907c-f60e6cab8433"}}
{"timestamp":"2026-03-26T11:32:26.710Z","level":"warn","message":"Refresh failed: session not found (token misuse)","meta":{"userId":"6996fd6d92995a73299ccab2","correlationId":"f8d3d4e9-adf0-4fda-907c-f60e6cab8433"}}
{"timestamp":"2026-03-26T11:32:26.714Z","level":"error","message":"Unhandled Error","meta":{"message":"You are not logged in, please login.","stack":"Error: You are not logged in, please login.\n    at C:\\Users\\Bashar\\Desktop\\TIC_Educational_Website\\services\\authService.js:659:17\n    at process.processTicksAndRejections (node:internal/process/task_queues:105:5)","route":"/api/v1/auth/refresh","body":{},"params":{},"correlationId":"f8d3d4e9-adf0-4fda-907c-f60e6cab8433"}}
{"timestamp":"2026-03-26T11:32:26.717Z","level":"info","message":"HTTP Request","meta":{"method":"POST","url":"/api/v1/auth/refresh","status":401,"duration":"537ms","ip":"::1","device":"PostmanRuntime/7.52.0","correlationId":"f8d3d4e9-adf0-4fda-907c-f60e6cab8433"}}
{"timestamp":"2026-03-26T11:32:42.040Z","level":"info","message":"Refresh token attempt","meta":{"hasToken":true,"ip":"::1","device":"PostmanRuntime/7.52.0","correlationId":"35250aa0-8160-4ba2-9a8c-e1fa2d2db758"}}
{"timestamp":"2026-03-26T11:32:42.042Z","level":"info","message":"Refresh: refresh token verified","meta":{"userId":"6996fd6d92995a73299ccab2","correlationId":"35250aa0-8160-4ba2-9a8c-e1fa2d2db758"}}
{"timestamp":"2026-03-26T11:32:42.312Z","level":"warn","message":"Refresh failed: session not found (token misuse)","meta":{"userId":"6996fd6d92995a73299ccab2","correlationId":"35250aa0-8160-4ba2-9a8c-e1fa2d2db758"}}
{"timestamp":"2026-03-26T11:32:42.313Z","level":"error","message":"Unhandled Error","meta":{"message":"You are not logged in, please login.","stack":"Error: You are not logged in, please login.\n    at C:\\Users\\Bashar\\Desktop\\TIC_Educational_Website\\services\\authService.js:659:17\n    at process.processTicksAndRejections (node:internal/process/task_queues:105:5)","route":"/api/v1/auth/refresh","body":{},"params":{},"correlationId":"35250aa0-8160-4ba2-9a8c-e1fa2d2db758"}}
{"timestamp":"2026-03-26T11:32:42.315Z","level":"info","message":"HTTP Request","meta":{"method":"POST","url":"/api/v1/auth/refresh","status":401,"duration":"275ms","ip":"::1","device":"PostmanRuntime/7.52.0","correlationId":"35250aa0-8160-4ba2-9a8c-e1fa2d2db758"}}
{"timestamp":"2026-03-26T11:33:51.367Z","level":"info","message":"Refresh token attempt","meta":{"hasToken":true,"ip":"::1","device":"PostmanRuntime/7.52.0","correlationId":"da26c744-e397-49a3-a5aa-fd58bfc64913"}}
{"timestamp":"2026-03-26T11:33:51.375Z","level":"info","message":"Refresh: refresh token verified","meta":{"userId":"6996fd6d92995a73299ccab2","correlationId":"da26c744-e397-49a3-a5aa-fd58bfc64913"}}
{"timestamp":"2026-03-26T11:33:52.049Z","level":"warn","message":"Refresh failed: session not found (token misuse)","meta":{"userId":"6996fd6d92995a73299ccab2","correlationId":"da26c744-e397-49a3-a5aa-fd58bfc64913"}}
{"timestamp":"2026-03-26T11:33:52.051Z","level":"error","message":"Unhandled Error","meta":{"message":"You are not logged in, please login.","stack":"Error: You are not logged in, please login.\n    at C:\\Users\\Bashar\\Desktop\\TIC_Educational_Website\\services\\authService.js:659:17\n    at process.processTicksAndRejections (node:internal/process/task_queues:105:5)","route":"/api/v1/auth/refresh","body":{},"params":{},"correlationId":"da26c744-e397-49a3-a5aa-fd58bfc64913"}}
{"timestamp":"2026-03-26T11:33:52.057Z","level":"info","message":"HTTP Request","meta":{"method":"POST","url":"/api/v1/auth/refresh","status":401,"duration":"695ms","ip":"::1","device":"PostmanRuntime/7.52.0","correlationId":"da26c744-e397-49a3-a5aa-fd58bfc64913"}}
{"timestamp":"2026-03-26T11:37:55.991Z","level":"info","message":"Refresh token attempt","meta":{"hasToken":true,"ip":"::1","device":"PostmanRuntime/7.52.0","correlationId":"e39ef58f-0dc5-4b59-b98c-d5f9ff1b1e8a"}}
{"timestamp":"2026-03-26T11:37:55.996Z","level":"info","message":"Refresh: refresh token verified","meta":{"userId":"6996fd6d92995a73299ccab2","correlationId":"e39ef58f-0dc5-4b59-b98c-d5f9ff1b1e8a"}}
{"timestamp":"2026-03-26T11:37:56.732Z","level":"warn","message":"Refresh failed: session not found (token misuse)","meta":{"userId":"6996fd6d92995a73299ccab2","correlationId":"e39ef58f-0dc5-4b59-b98c-d5f9ff1b1e8a"}}
{"timestamp":"2026-03-26T11:37:56.734Z","level":"error","message":"Unhandled Error","meta":{"message":"You are not logged in, please login.","stack":"Error: You are not logged in, please login.\n    at C:\\Users\\Bashar\\Desktop\\TIC_Educational_Website\\services\\authService.js:664:17\n    at process.processTicksAndRejections (node:internal/process/task_queues:105:5)","route":"/api/v1/auth/refresh","body":{},"params":{},"correlationId":"e39ef58f-0dc5-4b59-b98c-d5f9ff1b1e8a"}}
{"timestamp":"2026-03-26T11:37:56.743Z","level":"info","message":"HTTP Request","meta":{"method":"POST","url":"/api/v1/auth/refresh","status":401,"duration":"759ms","ip":"::1","device":"PostmanRuntime/7.52.0","correlationId":"e39ef58f-0dc5-4b59-b98c-d5f9ff1b1e8a"}}
{"timestamp":"2026-03-26T11:41:54.529Z","level":"info","message":"Login attempt","meta":{"email":"***MASKED***","ip":"::1","device":"PostmanRuntime/7.52.0","correlationId":"5caac245-ad63-40b4-b89a-8baeddc860a8"}}
{"timestamp":"2026-03-26T11:41:55.319Z","level":"info","message":"Device check started","meta":{"userId":"6996fd6d92995a73299ccab2","device":"PostmanRuntime/7.52.0","ip":"::1","correlationId":"5caac245-ad63-40b4-b89a-8baeddc860a8"}}
{"timestamp":"2026-03-26T11:41:55.362Z","level":"info","message":"Session created","meta":{"userId":"6996fd6d92995a73299ccab2","ip":"::1","device":"PostmanRuntime/7.52.0","correlationId":"5caac245-ad63-40b4-b89a-8baeddc860a8"}}
{"timestamp":"2026-03-26T11:41:55.364Z","level":"info","message":"Login successful","meta":{"userId":"6996fd6d92995a73299ccab2","ip":"::1","device":"PostmanRuntime/7.52.0","correlationId":"5caac245-ad63-40b4-b89a-8baeddc860a8"}}
{"timestamp":"2026-03-26T11:41:55.377Z","level":"info","message":"HTTP Request","meta":{"method":"POST","url":"/api/v1/auth/login","status":200,"duration":"861ms","ip":"::1","device":"PostmanRuntime/7.52.0","correlationId":"5caac245-ad63-40b4-b89a-8baeddc860a8"}}
{"timestamp":"2026-03-26T11:41:55.660Z","level":"info","message":"Device recognized (no alert needed)","meta":{"userId":"6996fd6d92995a73299ccab2","device":"PostmanRuntime/7.52.0","ip":"::1","correlationId":"5caac245-ad63-40b4-b89a-8baeddc860a8"}}
{"timestamp":"2026-03-26T11:42:18.233Z","level":"info","message":"Refresh token attempt","meta":{"hasToken":true,"ip":"::1","device":"PostmanRuntime/7.52.0","correlationId":"8d7fad87-def7-497e-b843-8dc20e7f6108"}}
{"timestamp":"2026-03-26T11:42:18.236Z","level":"info","message":"Refresh: refresh token verified","meta":{"userId":"6996fd6d92995a73299ccab2","correlationId":"8d7fad87-def7-497e-b843-8dc20e7f6108"}}
{"timestamp":"2026-03-26T11:42:19.134Z","level":"warn","message":"Refresh failed: session not found (token misuse)","meta":{"userId":"6996fd6d92995a73299ccab2","correlationId":"8d7fad87-def7-497e-b843-8dc20e7f6108"}}
{"timestamp":"2026-03-26T11:42:19.139Z","level":"error","message":"Unhandled Error","meta":{"message":"You are not logged in, please login.","stack":"Error: You are not logged in, please login.\n    at C:\\Users\\Bashar\\Desktop\\TIC_Educational_Website\\services\\authService.js:664:17\n    at process.processTicksAndRejections (node:internal/process/task_queues:105:5)","route":"/api/v1/auth/refresh","body":{},"params":{},"correlationId":"8d7fad87-def7-497e-b843-8dc20e7f6108"}}
{"timestamp":"2026-03-26T11:42:19.150Z","level":"info","message":"HTTP Request","meta":{"method":"POST","url":"/api/v1/auth/refresh","status":401,"duration":"919ms","ip":"::1","device":"PostmanRuntime/7.52.0","correlationId":"8d7fad87-def7-497e-b843-8dc20e7f6108"}}
{"timestamp":"2026-03-26T11:44:21.552Z","level":"info","message":"Login attempt","meta":{"email":"***MASKED***","ip":"::1","device":"PostmanRuntime/7.52.0","correlationId":"4f1ab294-51a8-4a21-b0b1-4380b6e9f13b"}}
{"timestamp":"2026-03-26T11:44:22.357Z","level":"info","message":"Device check started","meta":{"userId":"6996fd6d92995a73299ccab2","device":"PostmanRuntime/7.52.0","ip":"::1","correlationId":"4f1ab294-51a8-4a21-b0b1-4380b6e9f13b"}}
{"timestamp":"2026-03-26T11:44:22.662Z","level":"info","message":"Session created","meta":{"userId":"6996fd6d92995a73299ccab2","sessionId":"69c51c16634bc3a251299d55","ip":"::1","device":"PostmanRuntime/7.52.0","correlationId":"4f1ab294-51a8-4a21-b0b1-4380b6e9f13b"}}
{"timestamp":"2026-03-26T11:44:22.667Z","level":"info","message":"Login successful","meta":{"userId":"6996fd6d92995a73299ccab2","ip":"::1","device":"PostmanRuntime/7.52.0","correlationId":"4f1ab294-51a8-4a21-b0b1-4380b6e9f13b"}}
{"timestamp":"2026-03-26T11:44:22.683Z","level":"info","message":"HTTP Request","meta":{"method":"POST","url":"/api/v1/auth/login","status":200,"duration":"1147ms","ip":"::1","device":"PostmanRuntime/7.52.0","correlationId":"4f1ab294-51a8-4a21-b0b1-4380b6e9f13b"}}
{"timestamp":"2026-03-26T11:44:23.117Z","level":"info","message":"Device recognized (no alert needed)","meta":{"userId":"6996fd6d92995a73299ccab2","device":"PostmanRuntime/7.52.0","ip":"::1","correlationId":"4f1ab294-51a8-4a21-b0b1-4380b6e9f13b"}}
{"timestamp":"2026-03-26T11:44:35.973Z","level":"info","message":"Refresh token attempt","meta":{"hasToken":true,"ip":"::1","device":"PostmanRuntime/7.52.0","correlationId":"57cd238a-a874-46a0-81c5-2dbaaef7656f"}}
{"timestamp":"2026-03-26T11:44:35.979Z","level":"info","message":"Refresh: refresh token verified","meta":{"userId":"6996fd6d92995a73299ccab2","correlationId":"57cd238a-a874-46a0-81c5-2dbaaef7656f"}}
{"timestamp":"2026-03-26T11:44:36.295Z","level":"warn","message":"Refresh failed: session not found (token misuse)","meta":{"userId":"6996fd6d92995a73299ccab2","correlationId":"57cd238a-a874-46a0-81c5-2dbaaef7656f"}}
{"timestamp":"2026-03-26T11:44:36.328Z","level":"error","message":"Unhandled Error","meta":{"message":"You are not logged in, please login.","stack":"Error: You are not logged in, please login.\n    at C:\\Users\\Bashar\\Desktop\\TIC_Educational_Website\\services\\authService.js:663:17\n    at process.processTicksAndRejections (node:internal/process/task_queues:105:5)","route":"/api/v1/auth/refresh","body":{},"params":{},"correlationId":"57cd238a-a874-46a0-81c5-2dbaaef7656f"}}
{"timestamp":"2026-03-26T11:44:36.349Z","level":"info","message":"HTTP Request","meta":{"method":"POST","url":"/api/v1/auth/refresh","status":401,"duration":"378ms","ip":"::1","device":"PostmanRuntime/7.52.0","correlationId":"57cd238a-a874-46a0-81c5-2dbaaef7656f"}}
{"timestamp":"2026-03-26T11:45:18.463Z","level":"info","message":"Protect: access attempt","meta":{"hasToken":true,"ip":"::1","device":"PostmanRuntime/7.52.0","correlationId":"e05b215a-7e4b-4894-83ad-a32e09f21ccc"}}
{"timestamp":"2026-03-26T11:45:18.467Z","level":"info","message":"Protect: token verified","meta":{"userId":"6996fd6d92995a73299ccab2","correlationId":"e05b215a-7e4b-4894-83ad-a32e09f21ccc"}}
{"timestamp":"2026-03-26T11:45:18.866Z","level":"info","message":"Protect: access granted","meta":{"userId":"6996fd6d92995a73299ccab2","role":"student","correlationId":"e05b215a-7e4b-4894-83ad-a32e09f21ccc"}}
{"timestamp":"2026-03-26T11:45:18.867Z","level":"info","message":"Logout from other sessions attempt","meta":{"userId":"6996fd6d92995a73299ccab2","hasToken":true,"ip":"::1","device":"PostmanRuntime/7.52.0","correlationId":"e05b215a-7e4b-4894-83ad-a32e09f21ccc"}}
{"timestamp":"2026-03-26T11:45:18.870Z","level":"info","message":"Logout from other sessions: refresh token verified","meta":{"userId":"6996fd6d92995a73299ccab2","correlationId":"e05b215a-7e4b-4894-83ad-a32e09f21ccc"}}
{"timestamp":"2026-03-26T11:45:20.362Z","level":"info","message":"Other sessions deleted","meta":{"userId":"6996fd6d92995a73299ccab2","currentSessionId":"69bcf89cbe54b17c22ff094e","deletedSessions":8,"correlationId":"e05b215a-7e4b-4894-83ad-a32e09f21ccc"}}
{"timestamp":"2026-03-26T11:45:20.367Z","level":"info","message":"HTTP Request","meta":{"method":"DELETE","url":"/api/v1/auth/sessions","status":200,"duration":"1906ms","userId":"6996fd6d92995a73299ccab2","ip":"::1","device":"PostmanRuntime/7.52.0","correlationId":"e05b215a-7e4b-4894-83ad-a32e09f21ccc"}}
{"timestamp":"2026-03-26T11:45:30.072Z","level":"info","message":"Logout attempt","meta":{"hasToken":true,"ip":"::1","device":"PostmanRuntime/7.52.0","correlationId":"4bb6b9dc-008d-492f-849b-c90121eaeba3"}}
{"timestamp":"2026-03-26T11:45:30.075Z","level":"info","message":"Logout: refresh token verified","meta":{"userId":"6996fd6d92995a73299ccab2","correlationId":"4bb6b9dc-008d-492f-849b-c90121eaeba3"}}
{"timestamp":"2026-03-26T11:45:30.383Z","level":"info","message":"Logout: all sessions invalidated","meta":{"userId":"6996fd6d92995a73299ccab2","deletedSessions":1,"correlationId":"4bb6b9dc-008d-492f-849b-c90121eaeba3"}}
{"timestamp":"2026-03-26T11:45:30.385Z","level":"info","message":"Logout successful","meta":{"correlationId":"4bb6b9dc-008d-492f-849b-c90121eaeba3"}}
{"timestamp":"2026-03-26T11:45:30.387Z","level":"info","message":"HTTP Request","meta":{"method":"POST","url":"/api/v1/auth/logout","status":200,"duration":"315ms","ip":"::1","device":"PostmanRuntime/7.52.0","correlationId":"4bb6b9dc-008d-492f-849b-c90121eaeba3"}}
{"timestamp":"2026-03-26T11:45:38.028Z","level":"info","message":"Login attempt","meta":{"email":"***MASKED***","ip":"::1","device":"PostmanRuntime/7.52.0","correlationId":"3c7f1a30-ba3f-4f4c-b553-1a0c5f51f01a"}}
{"timestamp":"2026-03-26T11:45:38.755Z","level":"info","message":"Device check started","meta":{"userId":"6996fd6d92995a73299ccab2","device":"PostmanRuntime/7.52.0","ip":"::1","correlationId":"3c7f1a30-ba3f-4f4c-b553-1a0c5f51f01a"}}
{"timestamp":"2026-03-26T11:45:39.020Z","level":"warn","message":"New device detected","meta":{"userId":"6996fd6d92995a73299ccab2","device":"PostmanRuntime/7.52.0","ip":"::1","correlationId":"3c7f1a30-ba3f-4f4c-b553-1a0c5f51f01a"}}
{"timestamp":"2026-03-26T11:45:39.619Z","level":"info","message":"Session created","meta":{"userId":"6996fd6d92995a73299ccab2","sessionId":"69c51c62634bc3a251299d5e","ip":"::1","device":"PostmanRuntime/7.52.0","correlationId":"3c7f1a30-ba3f-4f4c-b553-1a0c5f51f01a"}}
{"timestamp":"2026-03-26T11:45:39.620Z","level":"info","message":"Login successful","meta":{"userId":"6996fd6d92995a73299ccab2","ip":"::1","device":"PostmanRuntime/7.52.0","correlationId":"3c7f1a30-ba3f-4f4c-b553-1a0c5f51f01a"}}
{"timestamp":"2026-03-26T11:45:39.621Z","level":"info","message":"HTTP Request","meta":{"method":"POST","url":"/api/v1/auth/login","status":200,"duration":"1595ms","ip":"::1","device":"PostmanRuntime/7.52.0","correlationId":"3c7f1a30-ba3f-4f4c-b553-1a0c5f51f01a"}}
{"timestamp":"2026-03-26T11:45:48.008Z","level":"info","message":"Refresh token attempt","meta":{"hasToken":true,"ip":"::1","device":"PostmanRuntime/7.52.0","correlationId":"7f2f4939-2322-4ed6-a8c7-c5c2e0264940"}}
{"timestamp":"2026-03-26T11:45:48.011Z","level":"info","message":"Refresh: refresh token verified","meta":{"userId":"6996fd6d92995a73299ccab2","correlationId":"7f2f4939-2322-4ed6-a8c7-c5c2e0264940"}}
{"timestamp":"2026-03-26T11:45:48.311Z","level":"warn","message":"Refresh failed: session not found (token misuse)","meta":{"userId":"6996fd6d92995a73299ccab2","correlationId":"7f2f4939-2322-4ed6-a8c7-c5c2e0264940"}}
{"timestamp":"2026-03-26T11:45:48.315Z","level":"error","message":"Unhandled Error","meta":{"message":"You are not logged in, please login.","stack":"Error: You are not logged in, please login.\n    at C:\\Users\\Bashar\\Desktop\\TIC_Educational_Website\\services\\authService.js:663:17\n    at process.processTicksAndRejections (node:internal/process/task_queues:105:5)","route":"/api/v1/auth/refresh","body":{},"params":{},"correlationId":"7f2f4939-2322-4ed6-a8c7-c5c2e0264940"}}
{"timestamp":"2026-03-26T11:45:48.318Z","level":"info","message":"HTTP Request","meta":{"method":"POST","url":"/api/v1/auth/refresh","status":401,"duration":"310ms","ip":"::1","device":"PostmanRuntime/7.52.0","correlationId":"7f2f4939-2322-4ed6-a8c7-c5c2e0264940"}}
{"timestamp":"2026-03-26T11:47:03.320Z","level":"error","message":"Device alert email failed","meta":{"userId":"6996fd6d92995a73299ccab2","error":"Client network socket disconnected before secure TLS connection was established","correlationId":"3c7f1a30-ba3f-4f4c-b553-1a0c5f51f01a"}}
{"timestamp":"2026-03-26T12:36:28.144Z","level":"info","message":"Login attempt","meta":{"email":"***MASKED***","ip":"::1","device":"PostmanRuntime/7.52.0","correlationId":"e983b21b-3f16-4e18-a414-3498fee4478b"}}
{"timestamp":"2026-03-26T12:36:30.912Z","level":"info","message":"Device check started","meta":{"userId":"6996fd6d92995a73299ccab2","device":"PostmanRuntime/7.52.0","ip":"::1","correlationId":"e983b21b-3f16-4e18-a414-3498fee4478b"}}
{"timestamp":"2026-03-26T12:36:31.180Z","level":"info","message":"Device recognized (no alert needed)","meta":{"userId":"6996fd6d92995a73299ccab2","device":"PostmanRuntime/7.52.0","ip":"::1","correlationId":"e983b21b-3f16-4e18-a414-3498fee4478b"}}
{"timestamp":"2026-03-26T12:36:34.206Z","level":"info","message":"Session created","meta":{"userId":"6996fd6d92995a73299ccab2","sessionId":"69c5284e634bc3a251299d64","ip":"::1","device":"PostmanRuntime/7.52.0","correlationId":"e983b21b-3f16-4e18-a414-3498fee4478b"}}
{"timestamp":"2026-03-26T12:36:34.210Z","level":"info","message":"Login successful","meta":{"userId":"6996fd6d92995a73299ccab2","ip":"::1","device":"PostmanRuntime/7.52.0","correlationId":"e983b21b-3f16-4e18-a414-3498fee4478b"}}
{"timestamp":"2026-03-26T12:36:34.214Z","level":"info","message":"HTTP Request","meta":{"method":"POST","url":"/api/v1/auth/login","status":200,"duration":"6075ms","ip":"::1","device":"PostmanRuntime/7.52.0","correlationId":"e983b21b-3f16-4e18-a414-3498fee4478b"}}
{"timestamp":"2026-03-26T12:36:48.165Z","level":"info","message":"Login attempt","meta":{"email":"***MASKED***","ip":"::1","device":"PostmanRuntime/7.52.0","correlationId":"b3ed5fe3-f660-4287-a5c5-23b0b9f69b54"}}
{"timestamp":"2026-03-26T12:36:49.110Z","level":"info","message":"Device check started","meta":{"userId":"6996fd6d92995a73299ccab2","device":"PostmanRuntime/7.52.0","ip":"::1","correlationId":"b3ed5fe3-f660-4287-a5c5-23b0b9f69b54"}}
{"timestamp":"2026-03-26T12:36:49.424Z","level":"info","message":"Session created","meta":{"userId":"6996fd6d92995a73299ccab2","sessionId":"69c52861634bc3a251299d68","ip":"::1","device":"PostmanRuntime/7.52.0","correlationId":"b3ed5fe3-f660-4287-a5c5-23b0b9f69b54"}}
{"timestamp":"2026-03-26T12:36:49.425Z","level":"info","message":"Login successful","meta":{"userId":"6996fd6d92995a73299ccab2","ip":"::1","device":"PostmanRuntime/7.52.0","correlationId":"b3ed5fe3-f660-4287-a5c5-23b0b9f69b54"}}
{"timestamp":"2026-03-26T12:36:49.427Z","level":"info","message":"HTTP Request","meta":{"method":"POST","url":"/api/v1/auth/login","status":200,"duration":"1263ms","ip":"::1","device":"PostmanRuntime/7.52.0","correlationId":"b3ed5fe3-f660-4287-a5c5-23b0b9f69b54"}}
{"timestamp":"2026-03-26T12:36:49.686Z","level":"info","message":"Device recognized (no alert needed)","meta":{"userId":"6996fd6d92995a73299ccab2","device":"PostmanRuntime/7.52.0","ip":"::1","correlationId":"b3ed5fe3-f660-4287-a5c5-23b0b9f69b54"}}
{"timestamp":"2026-03-26T12:37:03.538Z","level":"info","message":"Protect: access attempt","meta":{"hasToken":true,"ip":"::1","device":"PostmanRuntime/7.52.0","correlationId":"59a207e9-7286-49b1-95df-a1945083d78e"}}
{"timestamp":"2026-03-26T12:37:03.540Z","level":"info","message":"Protect: token verified","meta":{"userId":"6996fd6d92995a73299ccab2","correlationId":"59a207e9-7286-49b1-95df-a1945083d78e"}}
{"timestamp":"2026-03-26T12:37:03.810Z","level":"info","message":"Protect: access granted","meta":{"userId":"6996fd6d92995a73299ccab2","role":"student","correlationId":"59a207e9-7286-49b1-95df-a1945083d78e"}}
{"timestamp":"2026-03-26T12:37:03.812Z","level":"info","message":"Logout from other sessions attempt","meta":{"userId":"6996fd6d92995a73299ccab2","hasToken":true,"ip":"::1","device":"PostmanRuntime/7.52.0","correlationId":"59a207e9-7286-49b1-95df-a1945083d78e"}}
{"timestamp":"2026-03-26T12:37:03.815Z","level":"info","message":"Logout from other sessions: refresh token verified","meta":{"userId":"6996fd6d92995a73299ccab2","correlationId":"59a207e9-7286-49b1-95df-a1945083d78e"}}
{"timestamp":"2026-03-26T12:37:04.381Z","level":"info","message":"Other sessions deleted","meta":{"userId":"6996fd6d92995a73299ccab2","currentSessionId":"69c51c62634bc3a251299d5e","deletedSessions":2,"correlationId":"59a207e9-7286-49b1-95df-a1945083d78e"}}
{"timestamp":"2026-03-26T12:37:04.393Z","level":"info","message":"HTTP Request","meta":{"method":"DELETE","url":"/api/v1/auth/sessions","status":200,"duration":"855ms","userId":"6996fd6d92995a73299ccab2","ip":"::1","device":"PostmanRuntime/7.52.0","correlationId":"59a207e9-7286-49b1-95df-a1945083d78e"}}
{"timestamp":"2026-03-26T12:37:14.698Z","level":"info","message":"Logout attempt","meta":{"hasToken":true,"ip":"::1","device":"PostmanRuntime/7.52.0","correlationId":"ab82661b-aae5-4ccc-b62a-c6ecb8f6b154"}}
{"timestamp":"2026-03-26T12:37:14.701Z","level":"info","message":"Logout: refresh token verified","meta":{"userId":"6996fd6d92995a73299ccab2","correlationId":"ab82661b-aae5-4ccc-b62a-c6ecb8f6b154"}}
{"timestamp":"2026-03-26T12:37:15.030Z","level":"info","message":"Logout: all sessions invalidated","meta":{"userId":"6996fd6d92995a73299ccab2","deletedSessions":1,"correlationId":"ab82661b-aae5-4ccc-b62a-c6ecb8f6b154"}}
{"timestamp":"2026-03-26T12:37:15.031Z","level":"info","message":"Logout successful","meta":{"correlationId":"ab82661b-aae5-4ccc-b62a-c6ecb8f6b154"}}
{"timestamp":"2026-03-26T12:37:15.033Z","level":"info","message":"HTTP Request","meta":{"method":"POST","url":"/api/v1/auth/logout","status":200,"duration":"335ms","ip":"::1","device":"PostmanRuntime/7.52.0","correlationId":"ab82661b-aae5-4ccc-b62a-c6ecb8f6b154"}}
{"timestamp":"2026-03-26T12:37:26.821Z","level":"info","message":"Protect: access attempt","meta":{"hasToken":true,"ip":"::1","device":"PostmanRuntime/7.52.0","correlationId":"26b0afa0-edf8-44a4-81eb-ea74c075f18e"}}
{"timestamp":"2026-03-26T12:37:26.826Z","level":"info","message":"Protect: token verified","meta":{"userId":"6996fd6d92995a73299ccab2","correlationId":"26b0afa0-edf8-44a4-81eb-ea74c075f18e"}}
{"timestamp":"2026-03-26T12:37:27.089Z","level":"info","message":"Protect: access granted","meta":{"userId":"6996fd6d92995a73299ccab2","role":"student","correlationId":"26b0afa0-edf8-44a4-81eb-ea74c075f18e"}}
{"timestamp":"2026-03-26T12:37:27.384Z","level":"info","message":"HTTP Request","meta":{"method":"GET","url":"/api/v1/auth/sessions","status":200,"duration":"564ms","userId":"6996fd6d92995a73299ccab2","ip":"::1","device":"PostmanRuntime/7.52.0","correlationId":"26b0afa0-edf8-44a4-81eb-ea74c075f18e"}}
{"timestamp":"2026-03-26T12:37:35.828Z","level":"info","message":"Login attempt","meta":{"email":"***MASKED***","ip":"::1","device":"PostmanRuntime/7.52.0","correlationId":"45223e95-7461-49b6-b004-b7561f5c4c8e"}}
{"timestamp":"2026-03-26T12:37:36.716Z","level":"info","message":"Device check started","meta":{"userId":"6996fd6d92995a73299ccab2","device":"PostmanRuntime/7.52.0","ip":"::1","correlationId":"45223e95-7461-49b6-b004-b7561f5c4c8e"}}
{"timestamp":"2026-03-26T12:37:36.983Z","level":"warn","message":"New device detected","meta":{"userId":"6996fd6d92995a73299ccab2","device":"PostmanRuntime/7.52.0","ip":"::1","correlationId":"45223e95-7461-49b6-b004-b7561f5c4c8e"}}
{"timestamp":"2026-03-26T12:37:37.036Z","level":"info","message":"Session created","meta":{"userId":"6996fd6d92995a73299ccab2","sessionId":"69c52890634bc3a251299d72","ip":"::1","device":"PostmanRuntime/7.52.0","correlationId":"45223e95-7461-49b6-b004-b7561f5c4c8e"}}
{"timestamp":"2026-03-26T12:37:37.038Z","level":"info","message":"Login successful","meta":{"userId":"6996fd6d92995a73299ccab2","ip":"::1","device":"PostmanRuntime/7.52.0","correlationId":"45223e95-7461-49b6-b004-b7561f5c4c8e"}}
{"timestamp":"2026-03-26T12:37:37.040Z","level":"info","message":"HTTP Request","meta":{"method":"POST","url":"/api/v1/auth/login","status":200,"duration":"1214ms","ip":"::1","device":"PostmanRuntime/7.52.0","correlationId":"45223e95-7461-49b6-b004-b7561f5c4c8e"}}
{"timestamp":"2026-03-26T12:37:43.700Z","level":"info","message":"Protect: access attempt","meta":{"hasToken":true,"ip":"::1","device":"PostmanRuntime/7.52.0","correlationId":"a65c8af1-873a-4e60-93b4-87ffa2e831a3"}}
{"timestamp":"2026-03-26T12:37:43.704Z","level":"info","message":"Protect: token verified","meta":{"userId":"6996fd6d92995a73299ccab2","correlationId":"a65c8af1-873a-4e60-93b4-87ffa2e831a3"}}
{"timestamp":"2026-03-26T12:37:44.512Z","level":"info","message":"Protect: access granted","meta":{"userId":"6996fd6d92995a73299ccab2","role":"student","correlationId":"a65c8af1-873a-4e60-93b4-87ffa2e831a3"}}
{"timestamp":"2026-03-26T12:37:45.120Z","level":"info","message":"HTTP Request","meta":{"method":"GET","url":"/api/v1/auth/sessions","status":200,"duration":"1419ms","userId":"6996fd6d92995a73299ccab2","ip":"::1","device":"PostmanRuntime/7.52.0","correlationId":"a65c8af1-873a-4e60-93b4-87ffa2e831a3"}}
{"timestamp":"2026-03-26T12:38:04.664Z","level":"info","message":"Refresh token attempt","meta":{"hasToken":true,"ip":"::1","device":"PostmanRuntime/7.52.0","correlationId":"5df3b124-5dd8-4e57-ac33-1a12ccf71a48"}}
{"timestamp":"2026-03-26T12:38:04.667Z","level":"info","message":"Refresh: refresh token verified","meta":{"userId":"6996fd6d92995a73299ccab2","correlationId":"5df3b124-5dd8-4e57-ac33-1a12ccf71a48"}}
{"timestamp":"2026-03-26T12:38:04.927Z","level":"warn","message":"Refresh failed: session not found (token misuse)","meta":{"userId":"6996fd6d92995a73299ccab2","correlationId":"5df3b124-5dd8-4e57-ac33-1a12ccf71a48"}}
{"timestamp":"2026-03-26T12:38:04.933Z","level":"error","message":"Unhandled Error","meta":{"message":"You are not logged in, please login.","stack":"Error: You are not logged in, please login.\n    at C:\\Users\\Bashar\\Desktop\\TIC_Educational_Website\\services\\authService.js:663:17\n    at process.processTicksAndRejections (node:internal/process/task_queues:105:5)","route":"/api/v1/auth/refresh","body":{},"params":{},"correlationId":"5df3b124-5dd8-4e57-ac33-1a12ccf71a48"}}
{"timestamp":"2026-03-26T12:38:04.961Z","level":"info","message":"HTTP Request","meta":{"method":"POST","url":"/api/v1/auth/refresh","status":401,"duration":"298ms","ip":"::1","device":"PostmanRuntime/7.52.0","correlationId":"5df3b124-5dd8-4e57-ac33-1a12ccf71a48"}}
{"timestamp":"2026-03-26T12:39:01.111Z","level":"error","message":"Device alert email failed","meta":{"userId":"6996fd6d92995a73299ccab2","error":"Client network socket disconnected before secure TLS connection was established","correlationId":"45223e95-7461-49b6-b004-b7561f5c4c8e"}}
{"timestamp":"2026-03-26T12:46:12.125Z","level":"info","message":"Login attempt","meta":{"email":"***MASKED***","ip":"::1","device":"PostmanRuntime/7.52.0","correlationId":"770b02d7-72b5-423d-bc45-8aa09096d4df"}}
{"timestamp":"2026-03-26T12:46:24.636Z","level":"info","message":"Login attempt","meta":{"email":"***MASKED***","ip":"::1","device":"PostmanRuntime/7.52.0","correlationId":"04fc1609-a5ec-4192-9feb-bb716cfe8c92"}}
{"timestamp":"2026-03-26T12:46:26.169Z","level":"info","message":"Session created","meta":{"userId":"6996fd6d92995a73299ccab2","sessionId":"69c52aa17cd5889f280abc05","ip":"::1","device":"PostmanRuntime/7.52.0","correlationId":"04fc1609-a5ec-4192-9feb-bb716cfe8c92"}}
{"timestamp":"2026-03-26T12:46:26.175Z","level":"info","message":"Login successful","meta":{"userId":"6996fd6d92995a73299ccab2","ip":"::1","device":"PostmanRuntime/7.52.0","correlationId":"04fc1609-a5ec-4192-9feb-bb716cfe8c92"}}
{"timestamp":"2026-03-26T12:46:26.187Z","level":"info","message":"HTTP Request","meta":{"method":"POST","url":"/api/v1/auth/login","status":200,"duration":"1565ms","ip":"::1","device":"PostmanRuntime/7.52.0","correlationId":"04fc1609-a5ec-4192-9feb-bb716cfe8c92"}}
{"timestamp":"2026-03-26T12:46:34.635Z","level":"info","message":"Refresh token attempt","meta":{"hasToken":true,"ip":"::1","device":"PostmanRuntime/7.52.0","correlationId":"06d80bc4-bd27-436e-b07c-1b953ecae286"}}
{"timestamp":"2026-03-26T12:46:34.639Z","level":"info","message":"Refresh: refresh token verified","meta":{"userId":"6996fd6d92995a73299ccab2","correlationId":"06d80bc4-bd27-436e-b07c-1b953ecae286"}}
{"timestamp":"2026-03-26T12:46:35.191Z","level":"info","message":"Refresh: old session deleted","meta":{"userId":"6996fd6d92995a73299ccab2","sessionId":"69c52aa17cd5889f280abc05","correlationId":"06d80bc4-bd27-436e-b07c-1b953ecae286"}}
{"timestamp":"2026-03-26T12:46:35.490Z","level":"info","message":"Refresh: new session created","meta":{"userId":"6996fd6d92995a73299ccab2","sessionId":"69c52aab7cd5889f280abc09","correlationId":"06d80bc4-bd27-436e-b07c-1b953ecae286"}}
{"timestamp":"2026-03-26T12:46:35.496Z","level":"info","message":"Refresh token successful","meta":{"userId":"6996fd6d92995a73299ccab2","correlationId":"06d80bc4-bd27-436e-b07c-1b953ecae286"}}
{"timestamp":"2026-03-26T12:46:35.509Z","level":"info","message":"HTTP Request","meta":{"method":"POST","url":"/api/v1/auth/refresh","status":200,"duration":"875ms","ip":"::1","device":"PostmanRuntime/7.52.0","correlationId":"06d80bc4-bd27-436e-b07c-1b953ecae286"}}
{"timestamp":"2026-03-26T12:47:02.275Z","level":"info","message":"Refresh token attempt","meta":{"hasToken":true,"ip":"::1","device":"PostmanRuntime/7.52.0","correlationId":"fbf7759c-4949-47b1-8541-6abb7b162d34"}}
{"timestamp":"2026-03-26T12:47:02.282Z","level":"info","message":"Refresh: refresh token verified","meta":{"userId":"6996fd6d92995a73299ccab2","correlationId":"fbf7759c-4949-47b1-8541-6abb7b162d34"}}
{"timestamp":"2026-03-26T12:47:02.776Z","level":"warn","message":"Refresh failed: session not found (token misuse)","meta":{"userId":"6996fd6d92995a73299ccab2","correlationId":"fbf7759c-4949-47b1-8541-6abb7b162d34"}}
{"timestamp":"2026-03-26T12:47:02.780Z","level":"error","message":"Unhandled Error","meta":{"message":"You are not logged in, please login.","stack":"Error: You are not logged in, please login.\n    at C:\\Users\\Bashar\\Desktop\\TIC_Educational_Website\\services\\authService.js:619:17\n    at process.processTicksAndRejections (node:internal/process/task_queues:105:5)","route":"/api/v1/auth/refresh","body":{},"params":{},"correlationId":"fbf7759c-4949-47b1-8541-6abb7b162d34"}}
{"timestamp":"2026-03-26T12:47:02.796Z","level":"info","message":"HTTP Request","meta":{"method":"POST","url":"/api/v1/auth/refresh","status":401,"duration":"526ms","ip":"::1","device":"PostmanRuntime/7.52.0","correlationId":"fbf7759c-4949-47b1-8541-6abb7b162d34"}}
{"timestamp":"2026-03-26T12:47:14.377Z","level":"info","message":"Login attempt","meta":{"email":"***MASKED***","ip":"::1","device":"PostmanRuntime/7.52.0","correlationId":"94c317bd-bcd7-4e69-bf1d-7e2c4e86b2de"}}
{"timestamp":"2026-03-26T12:47:15.398Z","level":"info","message":"Session created","meta":{"userId":"6996fd6d92995a73299ccab2","sessionId":"69c52ad3a35efeba6c390baa","ip":"::1","device":"PostmanRuntime/7.52.0","correlationId":"94c317bd-bcd7-4e69-bf1d-7e2c4e86b2de"}}
{"timestamp":"2026-03-26T12:47:15.407Z","level":"info","message":"Login successful","meta":{"userId":"6996fd6d92995a73299ccab2","ip":"::1","device":"PostmanRuntime/7.52.0","correlationId":"94c317bd-bcd7-4e69-bf1d-7e2c4e86b2de"}}
{"timestamp":"2026-03-26T12:47:15.414Z","level":"info","message":"HTTP Request","meta":{"method":"POST","url":"/api/v1/auth/login","status":200,"duration":"1050ms","ip":"::1","device":"PostmanRuntime/7.52.0","correlationId":"94c317bd-bcd7-4e69-bf1d-7e2c4e86b2de"}}
{"timestamp":"2026-03-26T12:47:23.217Z","level":"info","message":"Refresh token attempt","meta":{"hasToken":true,"ip":"::1","device":"PostmanRuntime/7.52.0","correlationId":"46aa9fcb-e7a4-40c7-a495-27ae5c7f28f7"}}
{"timestamp":"2026-03-26T12:47:23.219Z","level":"info","message":"Refresh: refresh token verified","meta":{"userId":"6996fd6d92995a73299ccab2","correlationId":"46aa9fcb-e7a4-40c7-a495-27ae5c7f28f7"}}
{"timestamp":"2026-03-26T12:47:23.794Z","level":"info","message":"Refresh: old session deleted","meta":{"userId":"6996fd6d92995a73299ccab2","sessionId":"69c52ad3a35efeba6c390baa","correlationId":"46aa9fcb-e7a4-40c7-a495-27ae5c7f28f7"}}
{"timestamp":"2026-03-26T12:47:24.786Z","level":"info","message":"Refresh: new session created","meta":{"userId":"6996fd6d92995a73299ccab2","sessionId":"69c52adba35efeba6c390bae","correlationId":"46aa9fcb-e7a4-40c7-a495-27ae5c7f28f7"}}
{"timestamp":"2026-03-26T12:47:24.789Z","level":"info","message":"Refresh token successful","meta":{"userId":"6996fd6d92995a73299ccab2","correlationId":"46aa9fcb-e7a4-40c7-a495-27ae5c7f28f7"}}
{"timestamp":"2026-03-26T12:47:24.797Z","level":"info","message":"HTTP Request","meta":{"method":"POST","url":"/api/v1/auth/refresh","status":200,"duration":"1580ms","ip":"::1","device":"PostmanRuntime/7.52.0","correlationId":"46aa9fcb-e7a4-40c7-a495-27ae5c7f28f7"}}
